Archive member included to satisfy reference by file (symbol)

/home/mm/Software/en.st-stm32cubeide_1.5.1_9029_20201210_1234_amd64.sh/st32_ide/plugins/com.st.stm32cube.ide.mcu.externaltools.gnu-tools-for-stm32.7-2018-q2-update.linux64_1.5.0.202011040924/tools/bin/../lib/gcc/arm-none-eabi/7.3.1/../../../../arm-none-eabi/lib/thumb/v7-m/libc_nano.a(lib_a-errno.o)
                              Core/Src/syscalls.o (__errno)
/home/mm/Software/en.st-stm32cubeide_1.5.1_9029_20201210_1234_amd64.sh/st32_ide/plugins/com.st.stm32cube.ide.mcu.externaltools.gnu-tools-for-stm32.7-2018-q2-update.linux64_1.5.0.202011040924/tools/bin/../lib/gcc/arm-none-eabi/7.3.1/../../../../arm-none-eabi/lib/thumb/v7-m/libc_nano.a(lib_a-exit.o)
                              /home/mm/Software/en.st-stm32cubeide_1.5.1_9029_20201210_1234_amd64.sh/st32_ide/plugins/com.st.stm32cube.ide.mcu.externaltools.gnu-tools-for-stm32.7-2018-q2-update.linux64_1.5.0.202011040924/tools/bin/../lib/gcc/arm-none-eabi/7.3.1/../../../../arm-none-eabi/lib/thumb/v7-m/crt0.o (exit)
/home/mm/Software/en.st-stm32cubeide_1.5.1_9029_20201210_1234_amd64.sh/st32_ide/plugins/com.st.stm32cube.ide.mcu.externaltools.gnu-tools-for-stm32.7-2018-q2-update.linux64_1.5.0.202011040924/tools/bin/../lib/gcc/arm-none-eabi/7.3.1/../../../../arm-none-eabi/lib/thumb/v7-m/libc_nano.a(lib_a-impure.o)
                              /home/mm/Software/en.st-stm32cubeide_1.5.1_9029_20201210_1234_amd64.sh/st32_ide/plugins/com.st.stm32cube.ide.mcu.externaltools.gnu-tools-for-stm32.7-2018-q2-update.linux64_1.5.0.202011040924/tools/bin/../lib/gcc/arm-none-eabi/7.3.1/../../../../arm-none-eabi/lib/thumb/v7-m/libc_nano.a(lib_a-exit.o) (_global_impure_ptr)
/home/mm/Software/en.st-stm32cubeide_1.5.1_9029_20201210_1234_amd64.sh/st32_ide/plugins/com.st.stm32cube.ide.mcu.externaltools.gnu-tools-for-stm32.7-2018-q2-update.linux64_1.5.0.202011040924/tools/bin/../lib/gcc/arm-none-eabi/7.3.1/../../../../arm-none-eabi/lib/thumb/v7-m/libc_nano.a(lib_a-init.o)
                              /home/mm/Software/en.st-stm32cubeide_1.5.1_9029_20201210_1234_amd64.sh/st32_ide/plugins/com.st.stm32cube.ide.mcu.externaltools.gnu-tools-for-stm32.7-2018-q2-update.linux64_1.5.0.202011040924/tools/bin/../lib/gcc/arm-none-eabi/7.3.1/../../../../arm-none-eabi/lib/thumb/v7-m/crt0.o (__libc_init_array)
/home/mm/Software/en.st-stm32cubeide_1.5.1_9029_20201210_1234_amd64.sh/st32_ide/plugins/com.st.stm32cube.ide.mcu.externaltools.gnu-tools-for-stm32.7-2018-q2-update.linux64_1.5.0.202011040924/tools/bin/../lib/gcc/arm-none-eabi/7.3.1/../../../../arm-none-eabi/lib/thumb/v7-m/libc_nano.a(lib_a-memset.o)
                              /home/mm/Software/en.st-stm32cubeide_1.5.1_9029_20201210_1234_amd64.sh/st32_ide/plugins/com.st.stm32cube.ide.mcu.externaltools.gnu-tools-for-stm32.7-2018-q2-update.linux64_1.5.0.202011040924/tools/bin/../lib/gcc/arm-none-eabi/7.3.1/../../../../arm-none-eabi/lib/thumb/v7-m/crt0.o (memset)
/home/mm/Software/en.st-stm32cubeide_1.5.1_9029_20201210_1234_amd64.sh/st32_ide/plugins/com.st.stm32cube.ide.mcu.externaltools.gnu-tools-for-stm32.7-2018-q2-update.linux64_1.5.0.202011040924/tools/bin/../lib/gcc/arm-none-eabi/7.3.1/../../../../arm-none-eabi/lib/thumb/v7-m/libc_nano.a(lib_a-sprintf.o)
                              Core/Src/main.o (sprintf)
/home/mm/Software/en.st-stm32cubeide_1.5.1_9029_20201210_1234_amd64.sh/st32_ide/plugins/com.st.stm32cube.ide.mcu.externaltools.gnu-tools-for-stm32.7-2018-q2-update.linux64_1.5.0.202011040924/tools/bin/../lib/gcc/arm-none-eabi/7.3.1/../../../../arm-none-eabi/lib/thumb/v7-m/libc_nano.a(lib_a-nano-svfprintf.o)
                              /home/mm/Software/en.st-stm32cubeide_1.5.1_9029_20201210_1234_amd64.sh/st32_ide/plugins/com.st.stm32cube.ide.mcu.externaltools.gnu-tools-for-stm32.7-2018-q2-update.linux64_1.5.0.202011040924/tools/bin/../lib/gcc/arm-none-eabi/7.3.1/../../../../arm-none-eabi/lib/thumb/v7-m/libc_nano.a(lib_a-sprintf.o) (_svfprintf_r)
/home/mm/Software/en.st-stm32cubeide_1.5.1_9029_20201210_1234_amd64.sh/st32_ide/plugins/com.st.stm32cube.ide.mcu.externaltools.gnu-tools-for-stm32.7-2018-q2-update.linux64_1.5.0.202011040924/tools/bin/../lib/gcc/arm-none-eabi/7.3.1/../../../../arm-none-eabi/lib/thumb/v7-m/libc_nano.a(lib_a-nano-vfprintf_i.o)
                              /home/mm/Software/en.st-stm32cubeide_1.5.1_9029_20201210_1234_amd64.sh/st32_ide/plugins/com.st.stm32cube.ide.mcu.externaltools.gnu-tools-for-stm32.7-2018-q2-update.linux64_1.5.0.202011040924/tools/bin/../lib/gcc/arm-none-eabi/7.3.1/../../../../arm-none-eabi/lib/thumb/v7-m/libc_nano.a(lib_a-nano-svfprintf.o) (_printf_i)
/home/mm/Software/en.st-stm32cubeide_1.5.1_9029_20201210_1234_amd64.sh/st32_ide/plugins/com.st.stm32cube.ide.mcu.externaltools.gnu-tools-for-stm32.7-2018-q2-update.linux64_1.5.0.202011040924/tools/bin/../lib/gcc/arm-none-eabi/7.3.1/../../../../arm-none-eabi/lib/thumb/v7-m/libc_nano.a(lib_a-memchr-stub.o)
[...]
Memory Configuration

Name             Origin             Length             Attributes
RAM              0x0000000020000000 0x0000000000005000 xrw
FLASH            0x0000000008000000 0x0000000000010000 xr
*default*        0x0000000000000000 0xffffffffffffffff

Linker script and memory map

LOAD /home/mm/Software/en.st-stm32cubeide_1.5.1_9029_20201210_1234_amd64.sh/st32_ide/plugins/com.st.stm32cube.ide.mcu.externaltools.gnu-tools-for-stm32.7-2018-q2-update.linux64_1.5.0.202011040924/tools/bin/../lib/gcc/arm-none-eabi/7.3.1/thumb/v7-m/crti.o
LOAD /home/mm/Software/en.st-stm32cubeide_1.5.1_9029_20201210_1234_amd64.sh/st32_ide/plugins/com.st.stm32cube.ide.mcu.externaltools.gnu-tools-for-stm32.7-2018-q2-update.linux64_1.5.0.202011040924/tools/bin/../lib/gcc/arm-none-eabi/7.3.1/thumb/v7-m/crtbegin.o
LOAD /home/mm/Software/en.st-stm32cubeide_1.5.1_9029_20201210_1234_amd64.sh/st32_ide/plugins/com.st.stm32cube.ide.mcu.externaltools.gnu-tools-for-stm32.7-2018-q2-update.linux64_1.5.0.202011040924/tools/bin/../lib/gcc/arm-none-eabi/7.3.1/../../../../arm-none-eabi/lib/thumb/v7-m/crt0.o
LOAD Core/Src/LCD1602.o
LOAD Core/Src/main.o
LOAD Core/Src/stm32f1xx_hal_msp.o
LOAD Core/Src/stm32f1xx_it.o
LOAD Core/Src/syscalls.o
LOAD Core/Src/sysmem.o
LOAD Core/Src/system_stm32f1xx.o
LOAD Core/Startup/startup_stm32f103c8tx.o
LOAD Drivers/STM32F1xx_HAL_Driver/Src/stm32f1xx_hal.o
LOAD Drivers/STM32F1xx_HAL_Driver/Src/stm32f1xx_hal_cortex.o
LOAD Drivers/STM32F1xx_HAL_Driver/Src/stm32f1xx_hal_dma.o
LOAD Drivers/STM32F1xx_HAL_Driver/Src/stm32f1xx_hal_exti.o
LOAD Drivers/STM32F1xx_HAL_Driver/Src/stm32f1xx_hal_flash.o
LOAD Drivers/STM32F1xx_HAL_Driver/Src/stm32f1xx_hal_flash_ex.o
LOAD Drivers/STM32F1xx_HAL_Driver/Src/stm32f1xx_hal_gpio.o
LOAD Drivers/STM32F1xx_HAL_Driver/Src/stm32f1xx_hal_gpio_ex.o
LOAD Drivers/STM32F1xx_HAL_Driver/Src/stm32f1xx_hal_pcd.o
LOAD Drivers/STM32F1xx_HAL_Driver/Src/stm32f1xx_hal_pcd_ex.o
LOAD Drivers/STM32F1xx_HAL_Driver/Src/stm32f1xx_hal_pwr.o
LOAD Drivers/STM32F1xx_HAL_Driver/Src/stm32f1xx_hal_rcc.o
LOAD Drivers/STM32F1xx_HAL_Driver/Src/stm32f1xx_hal_rcc_ex.o
LOAD Drivers/STM32F1xx_HAL_Driver/Src/stm32f1xx_hal_tim.o
LOAD Drivers/STM32F1xx_HAL_Driver/Src/stm32f1xx_hal_tim_ex.o
LOAD Drivers/STM32F1xx_HAL_Driver/Src/stm32f1xx_ll_usb.o
LOAD Middlewares/ST/STM32_USB_Device_Library/Class/CDC/Src/usbd_cdc.o
LOAD Middlewares/ST/STM32_USB_Device_Library/Core/Src/usbd_core.o
LOAD Middlewares/ST/STM32_USB_Device_Library/Core/Src/usbd_ctlreq.o
LOAD Middlewares/ST/STM32_USB_Device_Library/Core/Src/usbd_ioreq.o
LOAD USB_DEVICE/App/usb_device.o
LOAD USB_DEVICE/App/usbd_cdc_if.o
LOAD USB_DEVICE/App/usbd_desc.o
LOAD USB_DEVICE/Target/usbd_conf.o
START GROUP
LOAD /home/mm/Software/en.st-stm32cubeide_1.5.1_9029_20201210_1234_amd64.sh/st32_ide/plugins/com.st.stm32cube.ide.mcu.externaltools.gnu-tools-for-stm32.7-2018-q2-update.linux64_1.5.0.202011040924/tools/bin/../lib/gcc/arm-none-eabi/7.3.1/../../../../arm-none-eabi/lib/thumb/v7-m/libc_nano.a
LOAD /home/mm/Software/en.st-stm32cubeide_1.5.1_9029_20201210_1234_amd64.sh/st32_ide/plugins/com.st.stm32cube.ide.mcu.externaltools.gnu-tools-for-stm32.7-2018-q2-update.linux64_1.5.0.202011040924/tools/bin/../lib/gcc/arm-none-eabi/7.3.1/../../../../arm-none-eabi/lib/thumb/v7-m/libm.a
END GROUP
START GROUP
LOAD /home/mm/Software/en.st-stm32cubeide_1.5.1_9029_20201210_1234_amd64.sh/st32_ide/plugins/com.st.stm32cube.ide.mcu.externaltools.gnu-tools-for-stm32.7-2018-q2-update.linux64_1.5.0.202011040924/tools/bin/../lib/gcc/arm-none-eabi/7.3.1/thumb/v7-m/libgcc.a
LOAD /home/mm/Software/en.st-stm32cubeide_1.5.1_9029_20201210_1234_amd64.sh/st32_ide/plugins/com.st.stm32cube.ide.mcu.externaltools.gnu-tools-for-stm32.7-2018-q2-update.linux64_1.5.0.202011040924/tools/bin/../lib/gcc/arm-none-eabi/7.3.1/../../../../arm-none-eabi/lib/thumb/v7-m/libc_nano.a
END GROUP
START GROUP
LOAD /home/mm/Software/en.st-stm32cubeide_1.5.1_9029_20201210_1234_amd64.sh/st32_ide/plugins/com.st.stm32cube.ide.mcu.externaltools.gnu-tools-for-stm32.7-2018-q2-update.linux64_1.5.0.202011040924/tools/bin/../lib/gcc/arm-none-eabi/7.3.1/thumb/v7-m/libgcc.a
LOAD /home/mm/Software/en.st-stm32cubeide_1.5.1_9029_20201210_1234_amd64.sh/st32_ide/plugins/com.st.stm32cube.ide.mcu.externaltools.gnu-tools-for-stm32.7-2018-q2-update.linux64_1.5.0.202011040924/tools/bin/../lib/gcc/arm-none-eabi/7.3.1/../../../../arm-none-eabi/lib/thumb/v7-m/libc_nano.a
LOAD /home/mm/Software/en.st-stm32cubeide_1.5.1_9029_20201210_1234_amd64.sh/st32_ide/plugins/com.st.stm32cube.ide.mcu.externaltools.gnu-tools-for-stm32.7-2018-q2-update.linux64_1.5.0.202011040924/tools/bin/../lib/gcc/arm-none-eabi/7.3.1/../../../../arm-none-eabi/lib/thumb/v7-m/libnosys.a
END GROUP
START GROUP
LOAD /home/mm/Software/en.st-stm32cubeide_1.5.1_9029_20201210_1234_amd64.sh/st32_ide/plugins/com.st.stm32cube.ide.mcu.externaltools.gnu-tools-for-stm32.7-2018-q2-update.linux64_1.5.0.202011040924/tools/bin/../lib/gcc/arm-none-eabi/7.3.1/thumb/v7-m/libgcc.a
LOAD /home/mm/Software/en.st-stm32cubeide_1.5.1_9029_20201210_1234_amd64.sh/st32_ide/plugins/com.st.stm32cube.ide.mcu.externaltools.gnu-tools-for-stm32.7-2018-q2-update.linux64_1.5.0.202011040924/tools/bin/../lib/gcc/arm-none-eabi/7.3.1/../../../../arm-none-eabi/lib/thumb/v7-m/libc_nano.a
LOAD /home/mm/Software/en.st-stm32cubeide_1.5.1_9029_20201210_1234_amd64.sh/st32_ide/plugins/com.st.stm32cube.ide.mcu.externaltools.gnu-tools-for-stm32.7-2018-q2-update.linux64_1.5.0.202011040924/tools/bin/../lib/gcc/arm-none-eabi/7.3.1/../../../../arm-none-eabi/lib/thumb/v7-m/libnosys.a
END GROUP
LOAD /home/mm/Software/en.st-stm32cubeide_1.5.1_9029_20201210_1234_amd64.sh/st32_ide/plugins/com.st.stm32cube.ide.mcu.externaltools.gnu-tools-for-stm32.7-2018-q2-update.linux64_1.5.0.202011040924/tools/bin/../lib/gcc/arm-none-eabi/7.3.1/thumb/v7-m/crtend.o
LOAD /home/mm/Software/en.st-stm32cubeide_1.5.1_9029_20201210_1234_amd64.sh/st32_ide/plugins/com.st.stm32cube.ide.mcu.externaltools.gnu-tools-for-stm32.7-2018-q2-update.linux64_1.5.0.202011040924/tools/bin/../lib/gcc/arm-none-eabi/7.3.1/thumb/v7-m/crtn.o
                0x0000000020005000                _estack = (ORIGIN (RAM) + LENGTH (RAM))
                0x0000000000000200                _Min_Heap_Size = 0x200
                0x0000000000000400                _Min_Stack_Size = 0x400

.isr_vector     0x0000000008000000      0x10c
                0x0000000008000000                . = ALIGN (0x4)
 *(.isr_vector)
 .isr_vector    0x0000000008000000      0x10c Core/Startup/startup_stm32f103c8tx.o
                0x0000000008000000                g_pfnVectors
                0x000000000800010c                . = ALIGN (0x4)

.text           0x000000000800010c     0x8770
                0x000000000800010c                . = ALIGN (0x4)
 *(.text)
 .text          0x000000000800010c       0x40 /home/mm/Software/en.st-stm32cubeide_1.5.1_9029_20201210_1234_amd64.sh/st32_ide/plugins/com.st.stm32cube.ide.mcu.externaltools.gnu-tools-for-stm32.7-2018-q2-update.linux64_1.5.0.202011040924/tools/bin/../lib/gcc/arm-none-eabi/7.3.1/thumb/v7-m/crtbegin.o
 *(.text*)
 .text.delay    0x000000000800014c       0x30 Core/Src/LCD1602.o
                0x000000000800014c                delay
 .text.send_to_lcd
                0x000000000800017c       0xa0 Core/Src/LCD1602.o
                0x000000000800017c                send_to_lcd
 .text.lcd_send_cmd
                0x000000000800021c       0x34 Core/Src/LCD1602.o
                0x000000000800021c                lcd_send_cmd
 .text.lcd_send_data
                0x0000000008000250       0x34 Core/Src/LCD1602.o
                0x0000000008000250                lcd_send_data
 .text.lcd_clear
                0x0000000008000284       0x14 Core/Src/LCD1602.o
                0x0000000008000284                lcd_clear
 .text.lcd_put_cur
                0x0000000008000298       0x3c Core/Src/LCD1602.o
                0x0000000008000298                lcd_put_cur
 .text.lcd_init
                0x00000000080002d4       0x7a Core/Src/LCD1602.o
                0x00000000080002d4                lcd_init
 .text.lcd_send_string
                0x000000000800034e       0x28 Core/Src/LCD1602.o
                0x000000000800034e                lcd_send_string
 *fill*         0x0000000008000376        0x2 
 .text.runMode  0x0000000008000378       0x7c Core/Src/main.o
                0x0000000008000378                runMode
 .text.setAlarma
                0x00000000080003f4        0xc Core/Src/main.o
                0x00000000080003f4                setAlarma
 .text.setTime  0x0000000008000400       0xe4 Core/Src/main.o
                0x0000000008000400                setTime
 .text.chronometer
                0x00000000080004e4       0xf8 Core/Src/main.o
                0x00000000080004e4                chronometer
 .text.temporizador
                0x00000000080005dc        0xc Core/Src/main.o
                0x00000000080005dc                temporizador
 .text.main     0x00000000080005e8      0x238 Core/Src/main.o
                0x00000000080005e8                main
 .text.SystemClock_Config
                0x0000000008000820       0xb4 Core/Src/main.o
                0x0000000008000820                SystemClock_Config
 .text.MX_TIM1_Init
                0x00000000080008d4       0xa0 Core/Src/main.o
 .text.MX_TIM2_Init
                0x0000000008000974       0x9c Core/Src/main.o
 .text.MX_TIM3_Init
                0x0000000008000a10       0x9c Core/Src/main.o
 .text.MX_GPIO_Init
                0x0000000008000aac      0x104 Core/Src/main.o
 .text.HAL_TIM_PeriodElapsedCallback
                0x0000000008000bb0      0x12c Core/Src/main.o
                0x0000000008000bb0                HAL_TIM_PeriodElapsedCallback
 .text.usbrxcallback
                0x0000000008000cdc       0x2c Core/Src/main.o
                0x0000000008000cdc                usbrxcallback
 .text.buzzer   0x0000000008000d08       0x4c Core/Src/main.o
                0x0000000008000d08                buzzer
 .text.Error_Handler
                0x0000000008000d54        0x8 Core/Src/main.o
                0x0000000008000d54                Error_Handler
 .text.HAL_MspInit
                0x0000000008000d5c       0x64 Core/Src/stm32f1xx_hal_msp.o
                0x0000000008000d5c                HAL_MspInit
 .text.HAL_TIM_Base_MspInit
                0x0000000008000dc0       0xa8 Core/Src/stm32f1xx_hal_msp.o
                0x0000000008000dc0                HAL_TIM_Base_MspInit
 .text.NMI_Handler
                0x0000000008000e68        0x6 Core/Src/stm32f1xx_it.o
                0x0000000008000e68                NMI_Handler
 .text.HardFault_Handler
                0x0000000008000e6e        0x6 Core/Src/stm32f1xx_it.o
                0x0000000008000e6e                HardFault_Handler
 .text.MemManage_Handler
                0x0000000008000e74        0x6 Core/Src/stm32f1xx_it.o
                0x0000000008000e74                MemManage_Handler
 .text.BusFault_Handler
                0x0000000008000e7a        0x6 Core/Src/stm32f1xx_it.o
                0x0000000008000e7a                BusFault_Handler
 .text.UsageFault_Handler
                0x0000000008000e80        0x6 Core/Src/stm32f1xx_it.o
                0x0000000008000e80                UsageFault_Handler
 .text.SVC_Handler
                0x0000000008000e86        0xc Core/Src/stm32f1xx_it.o
                0x0000000008000e86                SVC_Handler
 .text.DebugMon_Handler
                0x0000000008000e92        0xc Core/Src/stm32f1xx_it.o
                0x0000000008000e92                DebugMon_Handler
 .text.PendSV_Handler
                0x0000000008000e9e        0xc Core/Src/stm32f1xx_it.o
                0x0000000008000e9e                PendSV_Handler
 .text.SysTick_Handler
                0x0000000008000eaa        0xc Core/Src/stm32f1xx_it.o
                0x0000000008000eaa                SysTick_Handler
 *fill*         0x0000000008000eb6        0x2 
 .text.USB_LP_CAN1_RX0_IRQHandler
                0x0000000008000eb8       0x14 Core/Src/stm32f1xx_it.o
                0x0000000008000eb8                USB_LP_CAN1_RX0_IRQHandler
 .text.TIM2_IRQHandler
                0x0000000008000ecc       0x14 Core/Src/stm32f1xx_it.o
                0x0000000008000ecc                TIM2_IRQHandler
 .text.TIM3_IRQHandler
                0x0000000008000ee0       0x14 Core/Src/stm32f1xx_it.o
                0x0000000008000ee0                TIM3_IRQHandler
 .text._sbrk    0x0000000008000ef4       0x6c Core/Src/sysmem.o
                0x0000000008000ef4                _sbrk
 .text.SystemInit
                0x0000000008000f60        0xc Core/Src/system_stm32f1xx.o
                0x0000000008000f60                SystemInit
 .text.Reset_Handler
                0x0000000008000f6c       0x48 Core/Startup/startup_stm32f103c8tx.o
                0x0000000008000f6c                Reset_Handler
 .text.Default_Handler
                0x0000000008000fb4        0x2 Core/Startup/startup_stm32f103c8tx.o
                0x0000000008000fb4                RTC_Alarm_IRQHandler
                0x0000000008000fb4                EXTI2_IRQHandler
                0x0000000008000fb4                TIM1_CC_IRQHandler
                0x0000000008000fb4                PVD_IRQHandler
                0x0000000008000fb4                EXTI3_IRQHandler
                0x0000000008000fb4                EXTI0_IRQHandler
                0x0000000008000fb4                I2C2_EV_IRQHandler
                0x0000000008000fb4                ADC1_2_IRQHandler
                0x0000000008000fb4                SPI1_IRQHandler
                0x0000000008000fb4                TAMPER_IRQHandler
                0x0000000008000fb4                DMA1_Channel4_IRQHandler
                0x0000000008000fb4                USART3_IRQHandler
                0x0000000008000fb4                RTC_IRQHandler
                0x0000000008000fb4                DMA1_Channel7_IRQHandler
                0x0000000008000fb4                CAN1_RX1_IRQHandler
                0x0000000008000fb4                TIM4_IRQHandler
                0x0000000008000fb4                I2C1_EV_IRQHandler
                0x0000000008000fb4                DMA1_Channel6_IRQHandler
                0x0000000008000fb4                RCC_IRQHandler
                0x0000000008000fb4                TIM1_TRG_COM_IRQHandler
                0x0000000008000fb4                DMA1_Channel1_IRQHandler
                0x0000000008000fb4                Default_Handler
                0x0000000008000fb4                EXTI15_10_IRQHandler
                0x0000000008000fb4                EXTI9_5_IRQHandler
                0x0000000008000fb4                SPI2_IRQHandler
                0x0000000008000fb4                DMA1_Channel5_IRQHandler
                0x0000000008000fb4                EXTI4_IRQHandler
                0x0000000008000fb4                USB_HP_CAN1_TX_IRQHandler
                0x0000000008000fb4                DMA1_Channel3_IRQHandler
                0x0000000008000fb4                TIM1_UP_IRQHandler
                0x0000000008000fb4                WWDG_IRQHandler
                0x0000000008000fb4                TIM1_BRK_IRQHandler
                0x0000000008000fb4                EXTI1_IRQHandler
                0x0000000008000fb4                USART2_IRQHandler
                0x0000000008000fb4                I2C2_ER_IRQHandler
                0x0000000008000fb4                DMA1_Channel2_IRQHandler
                0x0000000008000fb4                CAN1_SCE_IRQHandler
                0x0000000008000fb4                FLASH_IRQHandler
                0x0000000008000fb4                USART1_IRQHandler
                0x0000000008000fb4                I2C1_ER_IRQHandler
                0x0000000008000fb4                USBWakeUp_IRQHandler
 *fill*         0x0000000008000fb6        0x2 
 .text.HAL_Init
                0x0000000008000fb8       0x2c Drivers/STM32F1xx_HAL_Driver/Src/stm32f1xx_hal.o
                0x0000000008000fb8                HAL_Init
 .text.HAL_InitTick
                0x0000000008000fe4       0x60 Drivers/STM32F1xx_HAL_Driver/Src/stm32f1xx_hal.o
                0x0000000008000fe4                HAL_InitTick
 .text.HAL_IncTick
                0x0000000008001044       0x24 Drivers/STM32F1xx_HAL_Driver/Src/stm32f1xx_hal.o
                0x0000000008001044                HAL_IncTick
 .text.HAL_GetTick
                0x0000000008001068       0x14 Drivers/STM32F1xx_HAL_Driver/Src/stm32f1xx_hal.o
                0x0000000008001068                HAL_GetTick
 .text.HAL_Delay
                0x000000000800107c       0x44 Drivers/STM32F1xx_HAL_Driver/Src/stm32f1xx_hal.o
                0x000000000800107c                HAL_Delay
 .text.__NVIC_SetPriorityGrouping
                0x00000000080010c0       0x48 Drivers/STM32F1xx_HAL_Driver/Src/stm32f1xx_hal_cortex.o
 .text.__NVIC_GetPriorityGrouping
                0x0000000008001108       0x1c Drivers/STM32F1xx_HAL_Driver/Src/stm32f1xx_hal_cortex.o
 .text.__NVIC_EnableIRQ
                0x0000000008001124       0x38 Drivers/STM32F1xx_HAL_Driver/Src/stm32f1xx_hal_cortex.o
 .text.__NVIC_SetPriority
                0x000000000800115c       0x54 Drivers/STM32F1xx_HAL_Driver/Src/stm32f1xx_hal_cortex.o
 .text.NVIC_EncodePriority
                0x00000000080011b0       0x64 Drivers/STM32F1xx_HAL_Driver/Src/stm32f1xx_hal_cortex.o
 .text.SysTick_Config
                0x0000000008001214       0x44 Drivers/STM32F1xx_HAL_Driver/Src/stm32f1xx_hal_cortex.o
 .text.HAL_NVIC_SetPriorityGrouping
                0x0000000008001258       0x16 Drivers/STM32F1xx_HAL_Driver/Src/stm32f1xx_hal_cortex.o
                0x0000000008001258                HAL_NVIC_SetPriorityGrouping
 .text.HAL_NVIC_SetPriority
                0x000000000800126e       0x38 Drivers/STM32F1xx_HAL_Driver/Src/stm32f1xx_hal_cortex.o
                0x000000000800126e                HAL_NVIC_SetPriority
 .text.HAL_NVIC_EnableIRQ
                0x00000000080012a6       0x1c Drivers/STM32F1xx_HAL_Driver/Src/stm32f1xx_hal_cortex.o
                0x00000000080012a6                HAL_NVIC_EnableIRQ
 .text.HAL_SYSTICK_Config
                0x00000000080012c2       0x18 Drivers/STM32F1xx_HAL_Driver/Src/stm32f1xx_hal_cortex.o
                0x00000000080012c2                HAL_SYSTICK_Config
 *fill*         0x00000000080012da        0x2 
 .text.HAL_GPIO_Init
                0x00000000080012dc      0x2b4 Drivers/STM32F1xx_HAL_Driver/Src/stm32f1xx_hal_gpio.o
                0x00000000080012dc                HAL_GPIO_Init
 .text.HAL_GPIO_WritePin
                0x0000000008001590       0x30 Drivers/STM32F1xx_HAL_Driver/Src/stm32f1xx_hal_gpio.o
                0x0000000008001590                HAL_GPIO_WritePin
 .text.HAL_PCD_Init
                0x00000000080015c0      0x216 Drivers/STM32F1xx_HAL_Driver/Src/stm32f1xx_hal_pcd.o
                0x00000000080015c0                HAL_PCD_Init
 .text.HAL_PCD_Start
                0x00000000080017d6       0x4c Drivers/STM32F1xx_HAL_Driver/Src/stm32f1xx_hal_pcd.o
                0x00000000080017d6                HAL_PCD_Start
 .text.HAL_PCD_IRQHandler
                0x0000000008001822      0x2aa Drivers/STM32F1xx_HAL_Driver/Src/stm32f1xx_hal_pcd.o
                0x0000000008001822                HAL_PCD_IRQHandler
 .text.HAL_PCD_SetAddress
                0x0000000008001acc       0x4a Drivers/STM32F1xx_HAL_Driver/Src/stm32f1xx_hal_pcd.o
                0x0000000008001acc                HAL_PCD_SetAddress
 .text.HAL_PCD_EP_Open
                0x0000000008001b16       0xcc Drivers/STM32F1xx_HAL_Driver/Src/stm32f1xx_hal_pcd.o
                0x0000000008001b16                HAL_PCD_EP_Open
 .text.HAL_PCD_EP_Close
                0x0000000008001be2       0x90 Drivers/STM32F1xx_HAL_Driver/Src/stm32f1xx_hal_pcd.o
                0x0000000008001be2                HAL_PCD_EP_Close
 .text.HAL_PCD_EP_Receive
                0x0000000008001c72       0x7a Drivers/STM32F1xx_HAL_Driver/Src/stm32f1xx_hal_pcd.o
                0x0000000008001c72                HAL_PCD_EP_Receive
 .text.HAL_PCD_EP_GetRxCount
                0x0000000008001cec       0x2e Drivers/STM32F1xx_HAL_Driver/Src/stm32f1xx_hal_pcd.o
                0x0000000008001cec                HAL_PCD_EP_GetRxCount
 .text.HAL_PCD_EP_Transmit
                0x0000000008001d1a       0x86 Drivers/STM32F1xx_HAL_Driver/Src/stm32f1xx_hal_pcd.o
                0x0000000008001d1a                HAL_PCD_EP_Transmit
 .text.HAL_PCD_EP_SetStall
                0x0000000008001da0       0xc0 Drivers/STM32F1xx_HAL_Driver/Src/stm32f1xx_hal_pcd.o
                0x0000000008001da0                HAL_PCD_EP_SetStall
 .text.HAL_PCD_EP_ClrStall
                0x0000000008001e60       0xa8 Drivers/STM32F1xx_HAL_Driver/Src/stm32f1xx_hal_pcd.o
                0x0000000008001e60                HAL_PCD_EP_ClrStall
 .text.PCD_EP_ISR_Handler
                0x0000000008001f08      0x5e6 Drivers/STM32F1xx_HAL_Driver/Src/stm32f1xx_hal_pcd.o
 .text.HAL_PCD_EP_DB_Receive
                0x00000000080024ee      0x21a Drivers/STM32F1xx_HAL_Driver/Src/stm32f1xx_hal_pcd.o
 .text.HAL_PCD_EP_DB_Transmit
                0x0000000008002708      0x53a Drivers/STM32F1xx_HAL_Driver/Src/stm32f1xx_hal_pcd.o
 .text.HAL_PCDEx_PMAConfig
                0x0000000008002c42       0x84 Drivers/STM32F1xx_HAL_Driver/Src/stm32f1xx_hal_pcd_ex.o
                0x0000000008002c42                HAL_PCDEx_PMAConfig
 *fill*         0x0000000008002cc6        0x2 
 .text.HAL_RCC_OscConfig
                0x0000000008002cc8      0x500 Drivers/STM32F1xx_HAL_Driver/Src/stm32f1xx_hal_rcc.o
                0x0000000008002cc8                HAL_RCC_OscConfig
 .text.HAL_RCC_ClockConfig
                0x00000000080031c8      0x1d4 Drivers/STM32F1xx_HAL_Driver/Src/stm32f1xx_hal_rcc.o
                0x00000000080031c8                HAL_RCC_ClockConfig
 .text.HAL_RCC_GetSysClockFreq
                0x000000000800339c       0xc4 Drivers/STM32F1xx_HAL_Driver/Src/stm32f1xx_hal_rcc.o
                0x000000000800339c                HAL_RCC_GetSysClockFreq
 .text.RCC_Delay
                0x0000000008003460       0x3c Drivers/STM32F1xx_HAL_Driver/Src/stm32f1xx_hal_rcc.o
 .text.HAL_RCCEx_PeriphCLKConfig
                0x000000000800349c      0x16c Drivers/STM32F1xx_HAL_Driver/Src/stm32f1xx_hal_rcc_ex.o
                0x000000000800349c                HAL_RCCEx_PeriphCLKConfig
 .text.HAL_TIM_Base_Init
                0x0000000008003608       0x9e Drivers/STM32F1xx_HAL_Driver/Src/stm32f1xx_hal_tim.o
                0x0000000008003608                HAL_TIM_Base_Init
 *fill*         0x00000000080036a6        0x2 
 .text.HAL_TIM_Base_Start
                0x00000000080036a8       0x94 Drivers/STM32F1xx_HAL_Driver/Src/stm32f1xx_hal_tim.o
                0x00000000080036a8                HAL_TIM_Base_Start
 .text.HAL_TIM_Base_Start_IT
                0x000000000800373c       0xa4 Drivers/STM32F1xx_HAL_Driver/Src/stm32f1xx_hal_tim.o
                0x000000000800373c                HAL_TIM_Base_Start_IT
 .text.HAL_TIM_IRQHandler
                0x00000000080037e0      0x210 Drivers/STM32F1xx_HAL_Driver/Src/stm32f1xx_hal_tim.o
                0x00000000080037e0                HAL_TIM_IRQHandler
 .text.HAL_TIM_ConfigClockSource
                0x00000000080039f0      0x16e Drivers/STM32F1xx_HAL_Driver/Src/stm32f1xx_hal_tim.o
                0x00000000080039f0                HAL_TIM_ConfigClockSource
 .text.HAL_TIM_OC_DelayElapsedCallback
                0x0000000008003b5e       0x12 Drivers/STM32F1xx_HAL_Driver/Src/stm32f1xx_hal_tim.o
                0x0000000008003b5e                HAL_TIM_OC_DelayElapsedCallback
 .text.HAL_TIM_IC_CaptureCallback
                0x0000000008003b70       0x12 Drivers/STM32F1xx_HAL_Driver/Src/stm32f1xx_hal_tim.o
                0x0000000008003b70                HAL_TIM_IC_CaptureCallback
 .text.HAL_TIM_PWM_PulseFinishedCallback
                0x0000000008003b82       0x12 Drivers/STM32F1xx_HAL_Driver/Src/stm32f1xx_hal_tim.o
                0x0000000008003b82                HAL_TIM_PWM_PulseFinishedCallback
 .text.HAL_TIM_TriggerCallback
                0x0000000008003b94       0x12 Drivers/STM32F1xx_HAL_Driver/Src/stm32f1xx_hal_tim.o
                0x0000000008003b94                HAL_TIM_TriggerCallback
 *fill*         0x0000000008003ba6        0x2 
 .text.TIM_Base_SetConfig
                0x0000000008003ba8       0xc4 Drivers/STM32F1xx_HAL_Driver/Src/stm32f1xx_hal_tim.o
                0x0000000008003ba8                TIM_Base_SetConfig
 .text.TIM_TI1_ConfigInputStage
                0x0000000008003c6c       0x5c Drivers/STM32F1xx_HAL_Driver/Src/stm32f1xx_hal_tim.o
 .text.TIM_TI2_ConfigInputStage
                0x0000000008003cc8       0x5e Drivers/STM32F1xx_HAL_Driver/Src/stm32f1xx_hal_tim.o
 .text.TIM_ITRx_SetConfig
                0x0000000008003d26       0x34 Drivers/STM32F1xx_HAL_Driver/Src/stm32f1xx_hal_tim.o
 .text.TIM_ETR_SetConfig
                0x0000000008003d5a       0x3e Drivers/STM32F1xx_HAL_Driver/Src/stm32f1xx_hal_tim.o
                0x0000000008003d5a                TIM_ETR_SetConfig
 .text.HAL_TIMEx_MasterConfigSynchronization
                0x0000000008003d98       0xbc Drivers/STM32F1xx_HAL_Driver/Src/stm32f1xx_hal_tim_ex.o
                0x0000000008003d98                HAL_TIMEx_MasterConfigSynchronization
 .text.HAL_TIMEx_CommutCallback
                0x0000000008003e54       0x12 Drivers/STM32F1xx_HAL_Driver/Src/stm32f1xx_hal_tim_ex.o
                0x0000000008003e54                HAL_TIMEx_CommutCallback
 .text.HAL_TIMEx_BreakCallback
                0x0000000008003e66       0x12 Drivers/STM32F1xx_HAL_Driver/Src/stm32f1xx_hal_tim_ex.o
                0x0000000008003e66                HAL_TIMEx_BreakCallback
 .text.USB_CoreInit
                0x0000000008003e78       0x20 Drivers/STM32F1xx_HAL_Driver/Src/stm32f1xx_ll_usb.o
                0x0000000008003e78                USB_CoreInit
 .text.USB_EnableGlobalInt
                0x0000000008003e98       0x2c Drivers/STM32F1xx_HAL_Driver/Src/stm32f1xx_ll_usb.o
                0x0000000008003e98                USB_EnableGlobalInt
 .text.USB_DisableGlobalInt
                0x0000000008003ec4       0x34 Drivers/STM32F1xx_HAL_Driver/Src/stm32f1xx_ll_usb.o
                0x0000000008003ec4                USB_DisableGlobalInt
 .text.USB_SetCurrentMode
                0x0000000008003ef8       0x18 Drivers/STM32F1xx_HAL_Driver/Src/stm32f1xx_ll_usb.o
                0x0000000008003ef8                USB_SetCurrentMode
 .text.USB_DevInit
                0x0000000008003f10       0x40 Drivers/STM32F1xx_HAL_Driver/Src/stm32f1xx_ll_usb.o
                0x0000000008003f10                USB_DevInit
 .text.USB_ActivateEndpoint
                0x0000000008003f50      0x6d4 Drivers/STM32F1xx_HAL_Driver/Src/stm32f1xx_ll_usb.o
                0x0000000008003f50                USB_ActivateEndpoint
 .text.USB_DeactivateEndpoint
                0x0000000008004624      0x3d8 Drivers/STM32F1xx_HAL_Driver/Src/stm32f1xx_ll_usb.o
                0x0000000008004624                USB_DeactivateEndpoint
 .text.USB_EPStartXfer
                0x00000000080049fc     0x1240 Drivers/STM32F1xx_HAL_Driver/Src/stm32f1xx_ll_usb.o
                0x00000000080049fc                USB_EPStartXfer
 .text.USB_EPSetStall
                0x0000000008005c3c       0xa0 Drivers/STM32F1xx_HAL_Driver/Src/stm32f1xx_ll_usb.o
                0x0000000008005c3c                USB_EPSetStall
 .text.USB_EPClearStall
                0x0000000008005cdc      0x15a Drivers/STM32F1xx_HAL_Driver/Src/stm32f1xx_ll_usb.o
                0x0000000008005cdc                USB_EPClearStall
 .text.USB_SetDevAddress
                0x0000000008005e36       0x26 Drivers/STM32F1xx_HAL_Driver/Src/stm32f1xx_ll_usb.o
                0x0000000008005e36                USB_SetDevAddress
 .text.USB_DevConnect
                0x0000000008005e5c       0x14 Drivers/STM32F1xx_HAL_Driver/Src/stm32f1xx_ll_usb.o
                0x0000000008005e5c                USB_DevConnect
 .text.USB_DevDisconnect
                0x0000000008005e70       0x14 Drivers/STM32F1xx_HAL_Driver/Src/stm32f1xx_ll_usb.o
                0x0000000008005e70                USB_DevDisconnect
 .text.USB_ReadInterrupts
                0x0000000008005e84       0x1e Drivers/STM32F1xx_HAL_Driver/Src/stm32f1xx_ll_usb.o
                0x0000000008005e84                USB_ReadInterrupts
 .text.USB_EP0_OutStart
                0x0000000008005ea2       0x16 Drivers/STM32F1xx_HAL_Driver/Src/stm32f1xx_ll_usb.o
                0x0000000008005ea2                USB_EP0_OutStart
 .text.USB_WritePMA
                0x0000000008005eb8       0x88 Drivers/STM32F1xx_HAL_Driver/Src/stm32f1xx_ll_usb.o
                0x0000000008005eb8                USB_WritePMA
 .text.USB_ReadPMA
                0x0000000008005f40       0x9e Drivers/STM32F1xx_HAL_Driver/Src/stm32f1xx_ll_usb.o
                0x0000000008005f40                USB_ReadPMA
 .text.USBD_CDC_Init
                0x0000000008005fde       0xf4 Middlewares/ST/STM32_USB_Device_Library/Class/CDC/Src/usbd_cdc.o
 .text.USBD_CDC_DeInit
                0x00000000080060d2       0x6e Middlewares/ST/STM32_USB_Device_Library/Class/CDC/Src/usbd_cdc.o
 .text.USBD_CDC_Setup
                0x0000000008006140      0x140 Middlewares/ST/STM32_USB_Device_Library/Class/CDC/Src/usbd_cdc.o
 .text.USBD_CDC_DataIn
                0x0000000008006280       0xa6 Middlewares/ST/STM32_USB_Device_Library/Class/CDC/Src/usbd_cdc.o
 .text.USBD_CDC_DataOut
                0x0000000008006326       0x56 Middlewares/ST/STM32_USB_Device_Library/Class/CDC/Src/usbd_cdc.o
 .text.USBD_CDC_EP0_RxReady
                0x000000000800637c       0x50 Middlewares/ST/STM32_USB_Device_Library/Class/CDC/Src/usbd_cdc.o
 .text.USBD_CDC_GetFSCfgDesc
                0x00000000080063cc       0x20 Middlewares/ST/STM32_USB_Device_Library/Class/CDC/Src/usbd_cdc.o
 .text.USBD_CDC_GetHSCfgDesc
                0x00000000080063ec       0x20 Middlewares/ST/STM32_USB_Device_Library/Class/CDC/Src/usbd_cdc.o
 .text.USBD_CDC_GetOtherSpeedCfgDesc
                0x000000000800640c       0x20 Middlewares/ST/STM32_USB_Device_Library/Class/CDC/Src/usbd_cdc.o
 .text.USBD_CDC_GetDeviceQualifierDescriptor
                0x000000000800642c       0x20 Middlewares/ST/STM32_USB_Device_Library/Class/CDC/Src/usbd_cdc.o
                0x000000000800642c                USBD_CDC_GetDeviceQualifierDescriptor
 .text.USBD_CDC_RegisterInterface
                0x000000000800644c       0x2c Middlewares/ST/STM32_USB_Device_Library/Class/CDC/Src/usbd_cdc.o
                0x000000000800644c                USBD_CDC_RegisterInterface
 .text.USBD_CDC_SetTxBuffer
                0x0000000008006478       0x32 Middlewares/ST/STM32_USB_Device_Library/Class/CDC/Src/usbd_cdc.o
                0x0000000008006478                USBD_CDC_SetTxBuffer
 .text.USBD_CDC_SetRxBuffer
                0x00000000080064aa       0x26 Middlewares/ST/STM32_USB_Device_Library/Class/CDC/Src/usbd_cdc.o
                0x00000000080064aa                USBD_CDC_SetRxBuffer
 .text.USBD_CDC_TransmitPacket
                0x00000000080064d0       0x5e Middlewares/ST/STM32_USB_Device_Library/Class/CDC/Src/usbd_cdc.o
                0x00000000080064d0                USBD_CDC_TransmitPacket
 .text.USBD_CDC_ReceivePacket
                0x000000000800652e       0x54 Middlewares/ST/STM32_USB_Device_Library/Class/CDC/Src/usbd_cdc.o
                0x000000000800652e                USBD_CDC_ReceivePacket
 .text.USBD_Init
                0x0000000008006582       0x56 Middlewares/ST/STM32_USB_Device_Library/Core/Src/usbd_core.o
                0x0000000008006582                USBD_Init
 .text.USBD_RegisterClass
                0x00000000080065d8       0x32 Middlewares/ST/STM32_USB_Device_Library/Core/Src/usbd_core.o
                0x00000000080065d8                USBD_RegisterClass
 .text.USBD_Start
                0x000000000800660a       0x18 Middlewares/ST/STM32_USB_Device_Library/Core/Src/usbd_core.o
                0x000000000800660a                USBD_Start
 .text.USBD_RunTestMode
                0x0000000008006622       0x14 Middlewares/ST/STM32_USB_Device_Library/Core/Src/usbd_core.o
                0x0000000008006622                USBD_RunTestMode
 .text.USBD_SetClassConfig
                0x0000000008006636       0x3e Middlewares/ST/STM32_USB_Device_Library/Core/Src/usbd_core.o
                0x0000000008006636                USBD_SetClassConfig
 .text.USBD_ClrClassConfig
                0x0000000008006674       0x26 Middlewares/ST/STM32_USB_Device_Library/Core/Src/usbd_core.o
                0x0000000008006674                USBD_ClrClassConfig
 .text.USBD_LL_SetupStage
                0x000000000800669a       0x96 Middlewares/ST/STM32_USB_Device_Library/Core/Src/usbd_core.o
                0x000000000800669a                USBD_LL_SetupStage
 .text.USBD_LL_DataOutStage
                0x0000000008006730       0xe2 Middlewares/ST/STM32_USB_Device_Library/Core/Src/usbd_core.o
                0x0000000008006730                USBD_LL_DataOutStage
 .text.USBD_LL_DataInStage
                0x0000000008006812      0x14a Middlewares/ST/STM32_USB_Device_Library/Core/Src/usbd_core.o
                0x0000000008006812                USBD_LL_DataInStage
 .text.USBD_LL_Reset
                0x000000000800695c       0x82 Middlewares/ST/STM32_USB_Device_Library/Core/Src/usbd_core.o
                0x000000000800695c                USBD_LL_Reset
 .text.USBD_LL_SetSpeed
                0x00000000080069de       0x1e Middlewares/ST/STM32_USB_Device_Library/Core/Src/usbd_core.o
                0x00000000080069de                USBD_LL_SetSpeed
 .text.USBD_LL_Suspend
                0x00000000080069fc       0x28 Middlewares/ST/STM32_USB_Device_Library/Core/Src/usbd_core.o
                0x00000000080069fc                USBD_LL_Suspend
 .text.USBD_LL_Resume
                0x0000000008006a24       0x2a Middlewares/ST/STM32_USB_Device_Library/Core/Src/usbd_core.o
                0x0000000008006a24                USBD_LL_Resume
 .text.USBD_LL_SOF
                0x0000000008006a4e       0x34 Middlewares/ST/STM32_USB_Device_Library/Core/Src/usbd_core.o
                0x0000000008006a4e                USBD_LL_SOF
 *fill*         0x0000000008006a82        0x2 
 .text.USBD_StdDevReq
                0x0000000008006a84       0xd4 Middlewares/ST/STM32_USB_Device_Library/Core/Src/usbd_ctlreq.o
                0x0000000008006a84                USBD_StdDevReq
 .text.USBD_StdItfReq
                0x0000000008006b58       0x8c Middlewares/ST/STM32_USB_Device_Library/Core/Src/usbd_ctlreq.o
                0x0000000008006b58                USBD_StdItfReq
 .text.USBD_StdEPReq
                0x0000000008006be4      0x2ba Middlewares/ST/STM32_USB_Device_Library/Core/Src/usbd_ctlreq.o
                0x0000000008006be4                USBD_StdEPReq
 *fill*         0x0000000008006e9e        0x2 
 .text.USBD_GetDescriptor
                0x0000000008006ea0      0x2d0 Middlewares/ST/STM32_USB_Device_Library/Core/Src/usbd_ctlreq.o
 .text.USBD_SetAddress
                0x0000000008007170       0x84 Middlewares/ST/STM32_USB_Device_Library/Core/Src/usbd_ctlreq.o
 .text.USBD_SetConfig
                0x00000000080071f4      0x11c Middlewares/ST/STM32_USB_Device_Library/Core/Src/usbd_ctlreq.o
 .text.USBD_GetConfig
                0x0000000008007310       0x68 Middlewares/ST/STM32_USB_Device_Library/Core/Src/usbd_ctlreq.o
 .text.USBD_GetStatus
                0x0000000008007378       0x66 Middlewares/ST/STM32_USB_Device_Library/Core/Src/usbd_ctlreq.o
 .text.USBD_SetFeature
                0x00000000080073de       0x28 Middlewares/ST/STM32_USB_Device_Library/Core/Src/usbd_ctlreq.o
 .text.USBD_ClrFeature
                0x0000000008007406       0x42 Middlewares/ST/STM32_USB_Device_Library/Core/Src/usbd_ctlreq.o
 .text.USBD_ParseSetupRequest
                0x0000000008007448       0x78 Middlewares/ST/STM32_USB_Device_Library/Core/Src/usbd_ctlreq.o
                0x0000000008007448                USBD_ParseSetupRequest
 .text.USBD_CtlError
                0x00000000080074c0       0x22 Middlewares/ST/STM32_USB_Device_Library/Core/Src/usbd_ctlreq.o
                0x00000000080074c0                USBD_CtlError
 .text.USBD_GetString
                0x00000000080074e2       0x84 Middlewares/ST/STM32_USB_Device_Library/Core/Src/usbd_ctlreq.o
                0x00000000080074e2                USBD_GetString
 .text.USBD_GetLen
                0x0000000008007566       0x2e Middlewares/ST/STM32_USB_Device_Library/Core/Src/usbd_ctlreq.o
 .text.USBD_CtlSendData
                0x0000000008007594       0x38 Middlewares/ST/STM32_USB_Device_Library/Core/Src/usbd_ioreq.o
                0x0000000008007594                USBD_CtlSendData
 .text.USBD_CtlContinueSendData
                0x00000000080075cc       0x24 Middlewares/ST/STM32_USB_Device_Library/Core/Src/usbd_ioreq.o
                0x00000000080075cc                USBD_CtlContinueSendData
 .text.USBD_CtlPrepareRx
                0x00000000080075f0       0x3c Middlewares/ST/STM32_USB_Device_Library/Core/Src/usbd_ioreq.o
                0x00000000080075f0                USBD_CtlPrepareRx
 .text.USBD_CtlContinueRx
                0x000000000800762c       0x24 Middlewares/ST/STM32_USB_Device_Library/Core/Src/usbd_ioreq.o
                0x000000000800762c                USBD_CtlContinueRx
 .text.USBD_CtlSendStatus
                0x0000000008007650       0x26 Middlewares/ST/STM32_USB_Device_Library/Core/Src/usbd_ioreq.o
                0x0000000008007650                USBD_CtlSendStatus
 .text.USBD_CtlReceiveStatus
                0x0000000008007676       0x26 Middlewares/ST/STM32_USB_Device_Library/Core/Src/usbd_ioreq.o
                0x0000000008007676                USBD_CtlReceiveStatus
 .text.MX_USB_DEVICE_Init
                0x000000000800769c       0x60 USB_DEVICE/App/usb_device.o
                0x000000000800769c                MX_USB_DEVICE_Init
 .text.CDC_Init_FS
                0x00000000080076fc       0x28 USB_DEVICE/App/usbd_cdc_if.o
 .text.CDC_DeInit_FS
                0x0000000008007724        0xe USB_DEVICE/App/usbd_cdc_if.o
 *fill*         0x0000000008007732        0x2 
 .text.CDC_Control_FS
                0x0000000008007734       0xbc USB_DEVICE/App/usbd_cdc_if.o
 .text.CDC_Receive_FS
                0x00000000080077f0       0x30 USB_DEVICE/App/usbd_cdc_if.o
 .text.CDC_Transmit_FS
                0x0000000008007820       0x4c USB_DEVICE/App/usbd_cdc_if.o
                0x0000000008007820                CDC_Transmit_FS
 .text.USBD_FS_DeviceDescriptor
                0x000000000800786c       0x24 USB_DEVICE/App/usbd_desc.o
                0x000000000800786c                USBD_FS_DeviceDescriptor
 .text.USBD_FS_LangIDStrDescriptor
                0x0000000008007890       0x24 USB_DEVICE/App/usbd_desc.o
                0x0000000008007890                USBD_FS_LangIDStrDescriptor
 .text.USBD_FS_ProductStrDescriptor
                0x00000000080078b4       0x3c USB_DEVICE/App/usbd_desc.o
                0x00000000080078b4                USBD_FS_ProductStrDescriptor
 .text.USBD_FS_ManufacturerStrDescriptor
                0x00000000080078f0       0x28 USB_DEVICE/App/usbd_desc.o
                0x00000000080078f0                USBD_FS_ManufacturerStrDescriptor
 .text.USBD_FS_SerialStrDescriptor
                0x0000000008007918       0x24 USB_DEVICE/App/usbd_desc.o
                0x0000000008007918                USBD_FS_SerialStrDescriptor
 .text.USBD_FS_ConfigStrDescriptor
                0x000000000800793c       0x3c USB_DEVICE/App/usbd_desc.o
                0x000000000800793c                USBD_FS_ConfigStrDescriptor
 .text.USBD_FS_InterfaceStrDescriptor
                0x0000000008007978       0x3c USB_DEVICE/App/usbd_desc.o
                0x0000000008007978                USBD_FS_InterfaceStrDescriptor
 .text.Get_SerialNum
                0x00000000080079b4       0x58 USB_DEVICE/App/usbd_desc.o
 .text.IntToUnicode
                0x0000000008007a0c       0x7a USB_DEVICE/App/usbd_desc.o
 *fill*         0x0000000008007a86        0x2 
 .text.HAL_PCD_MspInit
                0x0000000008007a88       0x4c USB_DEVICE/Target/usbd_conf.o
                0x0000000008007a88                HAL_PCD_MspInit
 .text.HAL_PCD_SetupStageCallback
                0x0000000008007ad4       0x24 USB_DEVICE/Target/usbd_conf.o
                0x0000000008007ad4                HAL_PCD_SetupStageCallback
 .text.HAL_PCD_DataOutStageCallback
                0x0000000008007af8       0x36 USB_DEVICE/Target/usbd_conf.o
                0x0000000008007af8                HAL_PCD_DataOutStageCallback
 .text.HAL_PCD_DataInStageCallback
                0x0000000008007b2e       0x34 USB_DEVICE/Target/usbd_conf.o
                0x0000000008007b2e                HAL_PCD_DataInStageCallback
 .text.HAL_PCD_SOFCallback
                0x0000000008007b62       0x1c USB_DEVICE/Target/usbd_conf.o
                0x0000000008007b62                HAL_PCD_SOFCallback
 .text.HAL_PCD_ResetCallback
                0x0000000008007b7e       0x3c USB_DEVICE/Target/usbd_conf.o
                0x0000000008007b7e                HAL_PCD_ResetCallback
 *fill*         0x0000000008007bba        0x2 
 .text.HAL_PCD_SuspendCallback
                0x0000000008007bbc       0x34 USB_DEVICE/Target/usbd_conf.o
                0x0000000008007bbc                HAL_PCD_SuspendCallback
 .text.HAL_PCD_ResumeCallback
                0x0000000008007bf0       0x1c USB_DEVICE/Target/usbd_conf.o
                0x0000000008007bf0                HAL_PCD_ResumeCallback
 .text.USBD_LL_Init
                0x0000000008007c0c       0xb4 USB_DEVICE/Target/usbd_conf.o
                0x0000000008007c0c                USBD_LL_Init
 .text.USBD_LL_Start
                0x0000000008007cc0       0x36 USB_DEVICE/Target/usbd_conf.o
                0x0000000008007cc0                USBD_LL_Start
 .text.USBD_LL_OpenEP
                0x0000000008007cf6       0x4c USB_DEVICE/Target/usbd_conf.o
                0x0000000008007cf6                USBD_LL_OpenEP
 .text.USBD_LL_CloseEP
                0x0000000008007d42       0x3e USB_DEVICE/Target/usbd_conf.o
                0x0000000008007d42                USBD_LL_CloseEP
 .text.USBD_LL_StallEP
                0x0000000008007d80       0x3e USB_DEVICE/Target/usbd_conf.o
                0x0000000008007d80                USBD_LL_StallEP
 .text.USBD_LL_ClearStallEP
                0x0000000008007dbe       0x3e USB_DEVICE/Target/usbd_conf.o
                0x0000000008007dbe                USBD_LL_ClearStallEP
 .text.USBD_LL_IsStallEP
                0x0000000008007dfc       0x58 USB_DEVICE/Target/usbd_conf.o
                0x0000000008007dfc                USBD_LL_IsStallEP
 .text.USBD_LL_SetUSBAddress
                0x0000000008007e54       0x3e USB_DEVICE/Target/usbd_conf.o
                0x0000000008007e54                USBD_LL_SetUSBAddress
 .text.USBD_LL_Transmit
                0x0000000008007e92       0x46 USB_DEVICE/Target/usbd_conf.o
                0x0000000008007e92                USBD_LL_Transmit
 .text.USBD_LL_PrepareReceive
                0x0000000008007ed8       0x46 USB_DEVICE/Target/usbd_conf.o
                0x0000000008007ed8                USBD_LL_PrepareReceive
 .text.USBD_LL_GetRxDataSize
                0x0000000008007f1e       0x26 USB_DEVICE/Target/usbd_conf.o
                0x0000000008007f1e                USBD_LL_GetRxDataSize
 .text.USBD_static_malloc
                0x0000000008007f44       0x18 USB_DEVICE/Target/usbd_conf.o
                0x0000000008007f44                USBD_static_malloc
 .text.USBD_static_free
                0x0000000008007f5c       0x12 USB_DEVICE/Target/usbd_conf.o
                0x0000000008007f5c                USBD_static_free
 .text.HAL_PCDEx_SetConnectionState
                0x0000000008007f6e       0x16 USB_DEVICE/Target/usbd_conf.o
                0x0000000008007f6e                HAL_PCDEx_SetConnectionState
 .text.USBD_Get_USB_Status
                0x0000000008007f84       0x58 USB_DEVICE/Target/usbd_conf.o
 .text.__errno  0x0000000008007fdc        0xc /home/mm/Software/en.st-stm32cubeide_1.5.1_9029_20201210_1234_amd64.sh/st32_ide/plugins/com.st.stm32cube.ide.mcu.externaltools.gnu-tools-for-stm32.7-2018-q2-update.linux64_1.5.0.202011040924/tools/bin/../lib/gcc/arm-none-eabi/7.3.1/../../../../arm-none-eabi/lib/thumb/v7-m/libc_nano.a(lib_a-errno.o)
                0x0000000008007fdc                __errno
 .text.__libc_init_array
                0x0000000008007fe8       0x48 /home/mm/Software/en.st-stm32cubeide_1.5.1_9029_20201210_1234_amd64.sh/st32_ide/plugins/com.st.stm32cube.ide.mcu.externaltools.gnu-tools-for-stm32.7-2018-q2-update.linux64_1.5.0.202011040924/tools/bin/../lib/gcc/arm-none-eabi/7.3.1/../../../../arm-none-eabi/lib/thumb/v7-m/libc_nano.a(lib_a-init.o)
                0x0000000008007fe8                __libc_init_array
 .text.memset   0x0000000008008030       0x10 /home/mm/Software/en.st-stm32cubeide_1.5.1_9029_20201210_1234_amd64.sh/st32_ide/plugins/com.st.stm32cube.ide.mcu.externaltools.gnu-tools-for-stm32.7-2018-q2-update.linux64_1.5.0.202011040924/tools/bin/../lib/gcc/arm-none-eabi/7.3.1/../../../../arm-none-eabi/lib/thumb/v7-m/libc_nano.a(lib_a-memset.o)
                0x0000000008008030                memset
 .text.sprintf  0x0000000008008040       0x40 /home/mm/Software/en.st-stm32cubeide_1.5.1_9029_20201210_1234_amd64.sh/st32_ide/plugins/com.st.stm32cube.ide.mcu.externaltools.gnu-tools-for-stm32.7-2018-q2-update.linux64_1.5.0.202011040924/tools/bin/../lib/gcc/arm-none-eabi/7.3.1/../../../../arm-none-eabi/lib/thumb/v7-m/libc_nano.a(lib_a-sprintf.o)
                0x0000000008008040                sprintf
                0x0000000008008040                siprintf
 .text.__ssputs_r
                0x0000000008008080       0xb4 /home/mm/Software/en.st-stm32cubeide_1.5.1_9029_20201210_1234_amd64.sh/st32_ide/plugins/com.st.stm32cube.ide.mcu.externaltools.gnu-tools-for-stm32.7-2018-q2-update.linux64_1.5.0.202011040924/tools/bin/../lib/gcc/arm-none-eabi/7.3.1/../../../../arm-none-eabi/lib/thumb/v7-m/libc_nano.a(lib_a-nano-svfprintf.o)
                0x0000000008008080                __ssputs_r
 .text._svfprintf_r
                0x0000000008008134      0x1f0 /home/mm/Software/en.st-stm32cubeide_1.5.1_9029_20201210_1234_amd64.sh/st32_ide/plugins/com.st.stm32cube.ide.mcu.externaltools.gnu-tools-for-stm32.7-2018-q2-update.linux64_1.5.0.202011040924/tools/bin/../lib/gcc/arm-none-eabi/7.3.1/../../../../arm-none-eabi/lib/thumb/v7-m/libc_nano.a(lib_a-nano-svfprintf.o)
                0x0000000008008134                _svfprintf_r
                0x0000000008008134                _svfiprintf_r
 .text._printf_common
                0x0000000008008324       0xec /home/mm/Software/en.st-stm32cubeide_1.5.1_9029_20201210_1234_amd64.sh/st32_ide/plugins/com.st.stm32cube.ide.mcu.externaltools.gnu-tools-for-stm32.7-2018-q2-update.linux64_1.5.0.202011040924/tools/bin/../lib/gcc/arm-none-eabi/7.3.1/../../../../arm-none-eabi/lib/thumb/v7-m/libc_nano.a(lib_a-nano-vfprintf_i.o)
                0x0000000008008324                _printf_common
 .text._printf_i
                0x0000000008008410      0x224 /home/mm/Software/en.st-stm32cubeide_1.5.1_9029_20201210_1234_amd64.sh/st32_ide/plugins/com.st.stm32cube.ide.mcu.externaltools.gnu-tools-for-stm32.7-2018-q2-update.linux64_1.5.0.202011040924/tools/bin/../lib/gcc/arm-none-eabi/7.3.1/../../../../arm-none-eabi/lib/thumb/v7-m/libc_nano.a(lib_a-nano-vfprintf_i.o)
                0x0000000008008410                _printf_i
 .text.memchr   0x0000000008008634       0x1c /home/mm/Software/en.st-stm32cubeide_1.5.1_9029_20201210_1234_amd64.sh/st32_ide/plugins/com.st.stm32cube.ide.mcu.externaltools.gnu-tools-for-stm32.7-2018-q2-update.linux64_1.5.0.202011040924/tools/bin/../lib/gcc/arm-none-eabi/7.3.1/../../../../arm-none-eabi/lib/thumb/v7-m/libc_nano.a(lib_a-memchr-stub.o)
                0x0000000008008634                memchr
 .text.memcpy   0x0000000008008650       0x16 /home/mm/Software/en.st-stm32cubeide_1.5.1_9029_20201210_1234_amd64.sh/st32_ide/plugins/com.st.stm32cube.ide.mcu.externaltools.gnu-tools-for-stm32.7-2018-q2-update.linux64_1.5.0.202011040924/tools/bin/../lib/gcc/arm-none-eabi/7.3.1/../../../../arm-none-eabi/lib/thumb/v7-m/libc_nano.a(lib_a-memcpy-stub.o)
                0x0000000008008650                memcpy
 .text.memmove  0x0000000008008666       0x32 /home/mm/Software/en.st-stm32cubeide_1.5.1_9029_20201210_1234_amd64.sh/st32_ide/plugins/com.st.stm32cube.ide.mcu.externaltools.gnu-tools-for-stm32.7-2018-q2-update.linux64_1.5.0.202011040924/tools/bin/../lib/gcc/arm-none-eabi/7.3.1/../../../../arm-none-eabi/lib/thumb/v7-m/libc_nano.a(lib_a-memmove.o)
                0x0000000008008666                memmove
 .text._free_r  0x0000000008008698       0x98 /home/mm/Software/en.st-stm32cubeide_1.5.1_9029_20201210_1234_amd64.sh/st32_ide/plugins/com.st.stm32cube.ide.mcu.externaltools.gnu-tools-for-stm32.7-2018-q2-update.linux64_1.5.0.202011040924/tools/bin/../lib/gcc/arm-none-eabi/7.3.1/../../../../arm-none-eabi/lib/thumb/v7-m/libc_nano.a(lib_a-nano-freer.o)
                0x0000000008008698                _free_r
 .text._malloc_r
                0x0000000008008730       0xb4 /home/mm/Software/en.st-stm32cubeide_1.5.1_9029_20201210_1234_amd64.sh/st32_ide/plugins/com.st.stm32cube.ide.mcu.externaltools.gnu-tools-for-stm32.7-2018-q2-update.linux64_1.5.0.202011040924/tools/bin/../lib/gcc/arm-none-eabi/7.3.1/../../../../arm-none-eabi/lib/thumb/v7-m/libc_nano.a(lib_a-nano-mallocr.o)
                0x0000000008008730                _malloc_r
 .text._realloc_r
                0x00000000080087e4       0x4c /home/mm/Software/en.st-stm32cubeide_1.5.1_9029_20201210_1234_amd64.sh/st32_ide/plugins/com.st.stm32cube.ide.mcu.externaltools.gnu-tools-for-stm32.7-2018-q2-update.linux64_1.5.0.202011040924/tools/bin/../lib/gcc/arm-none-eabi/7.3.1/../../../../arm-none-eabi/lib/thumb/v7-m/libc_nano.a(lib_a-nano-reallocr.o)
                0x00000000080087e4                _realloc_r
 .text._sbrk_r  0x0000000008008830       0x20 /home/mm/Software/en.st-stm32cubeide_1.5.1_9029_20201210_1234_amd64.sh/st32_ide/plugins/com.st.stm32cube.ide.mcu.externaltools.gnu-tools-for-stm32.7-2018-q2-update.linux64_1.5.0.202011040924/tools/bin/../lib/gcc/arm-none-eabi/7.3.1/../../../../arm-none-eabi/lib/thumb/v7-m/libc_nano.a(lib_a-sbrkr.o)
                0x0000000008008830                _sbrk_r
 .text.__malloc_lock
                0x0000000008008850        0x2 /home/mm/Software/en.st-stm32cubeide_1.5.1_9029_20201210_1234_amd64.sh/st32_ide/plugins/com.st.stm32cube.ide.mcu.externaltools.gnu-tools-for-stm32.7-2018-q2-update.linux64_1.5.0.202011040924/tools/bin/../lib/gcc/arm-none-eabi/7.3.1/../../../../arm-none-eabi/lib/thumb/v7-m/libc_nano.a(lib_a-mlock.o)
                0x0000000008008850                __malloc_lock
 .text.__malloc_unlock
                0x0000000008008852        0x2 /home/mm/Software/en.st-stm32cubeide_1.5.1_9029_20201210_1234_amd64.sh/st32_ide/plugins/com.st.stm32cube.ide.mcu.externaltools.gnu-tools-for-stm32.7-2018-q2-update.linux64_1.5.0.202011040924/tools/bin/../lib/gcc/arm-none-eabi/7.3.1/../../../../arm-none-eabi/lib/thumb/v7-m/libc_nano.a(lib_a-mlock.o)
                0x0000000008008852                __malloc_unlock
 .text._malloc_usable_size_r
                0x0000000008008854       0x10 /home/mm/Software/en.st-stm32cubeide_1.5.1_9029_20201210_1234_amd64.sh/st32_ide/plugins/com.st.stm32cube.ide.mcu.externaltools.gnu-tools-for-stm32.7-2018-q2-update.linux64_1.5.0.202011040924/tools/bin/../lib/gcc/arm-none-eabi/7.3.1/../../../../arm-none-eabi/lib/thumb/v7-m/libc_nano.a(lib_a-nano-msizer.o)
                0x0000000008008854                _malloc_usable_size_r
 *(.glue_7)
 .glue_7        0x0000000008008864        0x0 linker stubs
 *(.glue_7t)
 .glue_7t       0x0000000008008864        0x0 linker stubs
 *(.eh_frame)
 .eh_frame      0x0000000008008864        0x0 /home/mm/Software/en.st-stm32cubeide_1.5.1_9029_20201210_1234_amd64.sh/st32_ide/plugins/com.st.stm32cube.ide.mcu.externaltools.gnu-tools-for-stm32.7-2018-q2-update.linux64_1.5.0.202011040924/tools/bin/../lib/gcc/arm-none-eabi/7.3.1/thumb/v7-m/crtbegin.o
 *(.init)
 .init          0x0000000008008864        0x4 /home/mm/Software/en.st-stm32cubeide_1.5.1_9029_20201210_1234_amd64.sh/st32_ide/plugins/com.st.stm32cube.ide.mcu.externaltools.gnu-tools-for-stm32.7-2018-q2-update.linux64_1.5.0.202011040924/tools/bin/../lib/gcc/arm-none-eabi/7.3.1/thumb/v7-m/crti.o
                0x0000000008008864                _init
 .init          0x0000000008008868        0x8 /home/mm/Software/en.st-stm32cubeide_1.5.1_9029_20201210_1234_amd64.sh/st32_ide/plugins/com.st.stm32cube.ide.mcu.externaltools.gnu-tools-for-stm32.7-2018-q2-update.linux64_1.5.0.202011040924/tools/bin/../lib/gcc/arm-none-eabi/7.3.1/thumb/v7-m/crtn.o
 *(.fini)
 .fini          0x0000000008008870        0x4 /home/mm/Software/en.st-stm32cubeide_1.5.1_9029_20201210_1234_amd64.sh/st32_ide/plugins/com.st.stm32cube.ide.mcu.externaltools.gnu-tools-for-stm32.7-2018-q2-update.linux64_1.5.0.202011040924/tools/bin/../lib/gcc/arm-none-eabi/7.3.1/thumb/v7-m/crti.o
                0x0000000008008870                _fini
 .fini          0x0000000008008874        0x8 /home/mm/Software/en.st-stm32cubeide_1.5.1_9029_20201210_1234_amd64.sh/st32_ide/plugins/com.st.stm32cube.ide.mcu.externaltools.gnu-tools-for-stm32.7-2018-q2-update.linux64_1.5.0.202011040924/tools/bin/../lib/gcc/arm-none-eabi/7.3.1/thumb/v7-m/crtn.o
                0x000000000800887c                . = ALIGN (0x4)
                0x000000000800887c                _etext = .

.vfp11_veneer   0x000000000800887c        0x0
 .vfp11_veneer  0x000000000800887c        0x0 linker stubs

.v4_bx          0x000000000800887c        0x0
 .v4_bx         0x000000000800887c        0x0 linker stubs

.iplt           0x000000000800887c        0x0
 .iplt          0x000000000800887c        0x0 /home/mm/Software/en.st-stm32cubeide_1.5.1_9029_20201210_1234_amd64.sh/st32_ide/plugins/com.st.stm32cube.ide.mcu.externaltools.gnu-tools-for-stm32.7-2018-q2-update.linux64_1.5.0.202011040924/tools/bin/../lib/gcc/arm-none-eabi/7.3.1/thumb/v7-m/crtbegin.o

.rodata         0x000000000800887c      0x114
                0x000000000800887c                . = ALIGN (0x4)
 *(.rodata)
 .rodata        0x000000000800887c       0x71 Core/Src/main.o
 *fill*         0x00000000080088ed        0x3 
 .rodata        0x00000000080088f0       0x12 Drivers/STM32F1xx_HAL_Driver/Src/stm32f1xx_hal_rcc.o
 *fill*         0x0000000008008902        0x2 
 .rodata        0x0000000008008904       0x46 USB_DEVICE/App/usbd_desc.o
 *(.rodata*)
 *fill*         0x000000000800894a        0x2 
 .rodata.AHBPrescTable
                0x000000000800894c       0x10 Core/Src/system_stm32f1xx.o
                0x000000000800894c                AHBPrescTable
 .rodata._svfprintf_r.str1.1
                0x000000000800895c       0x11 /home/mm/Software/en.st-stm32cubeide_1.5.1_9029_20201210_1234_amd64.sh/st32_ide/plugins/com.st.stm32cube.ide.mcu.externaltools.gnu-tools-for-stm32.7-2018-q2-update.linux64_1.5.0.202011040924/tools/bin/../lib/gcc/arm-none-eabi/7.3.1/../../../../arm-none-eabi/lib/thumb/v7-m/libc_nano.a(lib_a-nano-svfprintf.o)
 .rodata._printf_i.str1.1
                0x000000000800896d       0x22 /home/mm/Software/en.st-stm32cubeide_1.5.1_9029_20201210_1234_amd64.sh/st32_ide/plugins/com.st.stm32cube.ide.mcu.externaltools.gnu-tools-for-stm32.7-2018-q2-update.linux64_1.5.0.202011040924/tools/bin/../lib/gcc/arm-none-eabi/7.3.1/../../../../arm-none-eabi/lib/thumb/v7-m/libc_nano.a(lib_a-nano-vfprintf_i.o)
                0x0000000008008990                . = ALIGN (0x4)
 *fill*         0x000000000800898f        0x1 

.rel.dyn        0x0000000008008990        0x0
 .rel.iplt      0x0000000008008990        0x0 /home/mm/Software/en.st-stm32cubeide_1.5.1_9029_20201210_1234_amd64.sh/st32_ide/plugins/com.st.stm32cube.ide.mcu.externaltools.gnu-tools-for-stm32.7-2018-q2-update.linux64_1.5.0.202011040924/tools/bin/../lib/gcc/arm-none-eabi/7.3.1/thumb/v7-m/crtbegin.o

.ARM.extab      0x0000000008008990        0x0
                0x0000000008008990                . = ALIGN (0x4)
 *(.ARM.extab* .gnu.linkonce.armextab.*)
                0x0000000008008990                . = ALIGN (0x4)

.ARM            0x0000000008008990        0x0
                0x0000000008008990                . = ALIGN (0x4)
                0x0000000008008990                __exidx_start = .
 *(.ARM.exidx*)
                0x0000000008008990                __exidx_end = .
                0x0000000008008990                . = ALIGN (0x4)

.preinit_array  0x0000000008008990        0x0
                0x0000000008008990                . = ALIGN (0x4)
                0x0000000008008990                PROVIDE (__preinit_array_start = .)
 *(.preinit_array*)
                0x0000000008008990                PROVIDE (__preinit_array_end = .)
                0x0000000008008990                . = ALIGN (0x4)

.init_array     0x0000000008008990        0x4
                0x0000000008008990                . = ALIGN (0x4)
                0x0000000008008990                PROVIDE (__init_array_start = .)
 *(SORT_BY_NAME(.init_array.*))
 *(.init_array*)
 .init_array    0x0000000008008990        0x4 /home/mm/Software/en.st-stm32cubeide_1.5.1_9029_20201210_1234_amd64.sh/st32_ide/plugins/com.st.stm32cube.ide.mcu.externaltools.gnu-tools-for-stm32.7-2018-q2-update.linux64_1.5.0.202011040924/tools/bin/../lib/gcc/arm-none-eabi/7.3.1/thumb/v7-m/crtbegin.o
                0x0000000008008994                PROVIDE (__init_array_end = .)
                0x0000000008008994                . = ALIGN (0x4)

.fini_array     0x0000000008008994        0x4
                0x0000000008008994                . = ALIGN (0x4)
                [!provide]                        PROVIDE (__fini_array_start = .)
 *(SORT_BY_NAME(.fini_array.*))
 *(.fini_array*)
 .fini_array    0x0000000008008994        0x4 /home/mm/Software/en.st-stm32cubeide_1.5.1_9029_20201210_1234_amd64.sh/st32_ide/plugins/com.st.stm32cube.ide.mcu.externaltools.gnu-tools-for-stm32.7-2018-q2-update.linux64_1.5.0.202011040924/tools/bin/../lib/gcc/arm-none-eabi/7.3.1/thumb/v7-m/crtbegin.o
                [!provide]                        PROVIDE (__fini_array_end = .)
                0x0000000008008998                . = ALIGN (0x4)
                0x0000000008008998                _sidata = LOADADDR (.data)

.data           0x0000000020000000      0x1e8 load address 0x0000000008008998
                0x0000000020000000                . = ALIGN (0x4)
                0x0000000020000000                _sdata = .
 *(.data)
 *(.data*)
 .data.counterM
                0x0000000020000000        0x1 Core/Src/main.o
                0x0000000020000000                counterM
 *fill*         0x0000000020000001        0x1 
 .data.counterH
                0x0000000020000002        0x2 Core/Src/main.o
                0x0000000020000002                counterH
 .data.reference
                0x0000000020000004        0x1 Core/Src/main.o
                0x0000000020000004                reference
 *fill*         0x0000000020000005        0x3 
 .data.SystemCoreClock
                0x0000000020000008        0x4 Core/Src/system_stm32f1xx.o
                0x0000000020000008                SystemCoreClock
 .data.uwTickPrio
                0x000000002000000c        0x4 Drivers/STM32F1xx_HAL_Driver/Src/stm32f1xx_hal.o
                0x000000002000000c                uwTickPrio
 .data.uwTickFreq
                0x0000000020000010        0x1 Drivers/STM32F1xx_HAL_Driver/Src/stm32f1xx_hal.o
                0x0000000020000010                uwTickFreq
 *fill*         0x0000000020000011        0x3 
 .data.USBD_CDC_DeviceQualifierDesc
                0x0000000020000014        0xa Middlewares/ST/STM32_USB_Device_Library/Class/CDC/Src/usbd_cdc.o
 *fill*         0x000000002000001e        0x2 
 .data.USBD_CDC
                0x0000000020000020       0x38 Middlewares/ST/STM32_USB_Device_Library/Class/CDC/Src/usbd_cdc.o
                0x0000000020000020                USBD_CDC
 .data.USBD_CDC_CfgHSDesc
                0x0000000020000058       0x43 Middlewares/ST/STM32_USB_Device_Library/Class/CDC/Src/usbd_cdc.o
                0x0000000020000058                USBD_CDC_CfgHSDesc
 *fill*         0x000000002000009b        0x1 
 .data.USBD_CDC_CfgFSDesc
                0x000000002000009c       0x43 Middlewares/ST/STM32_USB_Device_Library/Class/CDC/Src/usbd_cdc.o
                0x000000002000009c                USBD_CDC_CfgFSDesc
 *fill*         0x00000000200000df        0x1 
 .data.USBD_CDC_OtherSpeedCfgDesc
                0x00000000200000e0       0x43 Middlewares/ST/STM32_USB_Device_Library/Class/CDC/Src/usbd_cdc.o
                0x00000000200000e0                USBD_CDC_OtherSpeedCfgDesc
 *fill*         0x0000000020000123        0x1 
 .data.USBD_Interface_fops_FS
                0x0000000020000124       0x10 USB_DEVICE/App/usbd_cdc_if.o
                0x0000000020000124                USBD_Interface_fops_FS
 .data.FS_Desc  0x0000000020000134       0x1c USB_DEVICE/App/usbd_desc.o
                0x0000000020000134                FS_Desc
 .data.USBD_FS_DeviceDesc
                0x0000000020000150       0x12 USB_DEVICE/App/usbd_desc.o
                0x0000000020000150                USBD_FS_DeviceDesc
 *fill*         0x0000000020000162        0x2 
 .data.USBD_LangIDDesc
                0x0000000020000164        0x4 USB_DEVICE/App/usbd_desc.o
                0x0000000020000164                USBD_LangIDDesc
 .data.USBD_StringSerial
                0x0000000020000168       0x1a USB_DEVICE/App/usbd_desc.o
                0x0000000020000168                USBD_StringSerial
 *fill*         0x0000000020000182        0x2 
 .data._impure_ptr
                0x0000000020000184        0x4 /home/mm/Software/en.st-stm32cubeide_1.5.1_9029_20201210_1234_amd64.sh/st32_ide/plugins/com.st.stm32cube.ide.mcu.externaltools.gnu-tools-for-stm32.7-2018-q2-update.linux64_1.5.0.202011040924/tools/bin/../lib/gcc/arm-none-eabi/7.3.1/../../../../arm-none-eabi/lib/thumb/v7-m/libc_nano.a(lib_a-impure.o)
                0x0000000020000184                _impure_ptr
 .data.impure_data
                0x0000000020000188       0x60 /home/mm/Software/en.st-stm32cubeide_1.5.1_9029_20201210_1234_amd64.sh/st32_ide/plugins/com.st.stm32cube.ide.mcu.externaltools.gnu-tools-for-stm32.7-2018-q2-update.linux64_1.5.0.202011040924/tools/bin/../lib/gcc/arm-none-eabi/7.3.1/../../../../arm-none-eabi/lib/thumb/v7-m/libc_nano.a(lib_a-impure.o)
 *(.RamFunc)
 *(.RamFunc*)
                0x00000000200001e8                . = ALIGN (0x4)
                0x00000000200001e8                _edata = .

.igot.plt       0x00000000200001e8        0x0 load address 0x0000000008008b80
 .igot.plt      0x00000000200001e8        0x0 /home/mm/Software/en.st-stm32cubeide_1.5.1_9029_20201210_1234_amd64.sh/st32_ide/plugins/com.st.stm32cube.ide.mcu.externaltools.gnu-tools-for-stm32.7-2018-q2-update.linux64_1.5.0.202011040924/tools/bin/../lib/gcc/arm-none-eabi/7.3.1/thumb/v7-m/crtbegin.o
                0x00000000200001e8                . = ALIGN (0x4)

.bss            0x00000000200001e8     0x12c8 load address 0x0000000008008b80
                0x00000000200001e8                _sbss = .
                0x00000000200001e8                __bss_start__ = _sbss
 *(.bss)
 .bss           0x00000000200001e8       0x1c /home/mm/Software/en.st-stm32cubeide_1.5.1_9029_20201210_1234_amd64.sh/st32_ide/plugins/com.st.stm32cube.ide.mcu.externaltools.gnu-tools-for-stm32.7-2018-q2-update.linux64_1.5.0.202011040924/tools/bin/../lib/gcc/arm-none-eabi/7.3.1/thumb/v7-m/crtbegin.o
 *(.bss*)
 .bss.bufferS   0x0000000020000204        0x1 Core/Src/main.o
                0x0000000020000204                bufferS
 .bss.bufferM   0x0000000020000205        0x1 Core/Src/main.o
                0x0000000020000205                bufferM
 .bss.bufferH   0x0000000020000206        0x1 Core/Src/main.o
                0x0000000020000206                bufferH
 .bss.milis     0x0000000020000207        0x1 Core/Src/main.o
                0x0000000020000207                milis
 .bss.counterS  0x0000000020000208        0x2 Core/Src/main.o
                0x0000000020000208                counterS
 .bss.service   0x000000002000020a        0x2 Core/Src/main.o
                0x000000002000020a                service
 .bss.reference1
                0x000000002000020c        0x1 Core/Src/main.o
                0x000000002000020c                reference1
 *fill*         0x000000002000020d        0x3 
 .bss.alarma    0x0000000020000210        0x6 Core/Src/main.o
                0x0000000020000210                alarma
 .bss.flag      0x0000000020000216        0x1 Core/Src/main.o
                0x0000000020000216                flag
 .bss.fl        0x0000000020000217        0x1 Core/Src/main.o
                0x0000000020000217                fl
 .bss.__sbrk_heap_end
                0x0000000020000218        0x4 Core/Src/sysmem.o
 .bss.cfgidx.8157
                0x000000002000021c        0x1 Middlewares/ST/STM32_USB_Device_Library/Core/Src/usbd_ctlreq.o
 *fill*         0x000000002000021d        0x3 
 .bss.mem.8225  0x0000000020000220      0x220 USB_DEVICE/Target/usbd_conf.o
 .bss.__malloc_free_list
                0x0000000020000440        0x4 /home/mm/Software/en.st-stm32cubeide_1.5.1_9029_20201210_1234_amd64.sh/st32_ide/plugins/com.st.stm32cube.ide.mcu.externaltools.gnu-tools-for-stm32.7-2018-q2-update.linux64_1.5.0.202011040924/tools/bin/../lib/gcc/arm-none-eabi/7.3.1/../../../../arm-none-eabi/lib/thumb/v7-m/libc_nano.a(lib_a-nano-mallocr.o)
                0x0000000020000440                __malloc_free_list
 .bss.__malloc_sbrk_start
                0x0000000020000444        0x4 /home/mm/Software/en.st-stm32cubeide_1.5.1_9029_20201210_1234_amd64.sh/st32_ide/plugins/com.st.stm32cube.ide.mcu.externaltools.gnu-tools-for-stm32.7-2018-q2-update.linux64_1.5.0.202011040924/tools/bin/../lib/gcc/arm-none-eabi/7.3.1/../../../../arm-none-eabi/lib/thumb/v7-m/libc_nano.a(lib_a-nano-mallocr.o)
                0x0000000020000444                __malloc_sbrk_start
 *(COMMON)
 COMMON         0x0000000020000448       0xe0 Core/Src/main.o
                0x0000000020000448                hrs
                0x0000000020000450                htim3
                0x0000000020000498                htim1
                0x00000000200004e0                htim2
 COMMON         0x0000000020000528        0x4 Drivers/STM32F1xx_HAL_Driver/Src/stm32f1xx_hal.o
                0x0000000020000528                uwTick
 COMMON         0x000000002000052c      0x2c4 USB_DEVICE/App/usb_device.o
                0x000000002000052c                hUsbDeviceFS
 COMMON         0x00000000200007f0      0x7d0 USB_DEVICE/App/usbd_cdc_if.o
                0x00000000200007f0                UserRxBufferFS
                0x0000000020000bd8                UserTxBufferFS
 COMMON         0x0000000020000fc0      0x200 USB_DEVICE/App/usbd_desc.o
                0x0000000020000fc0                USBD_StrDesc
 COMMON         0x00000000200011c0      0x2ec USB_DEVICE/Target/usbd_conf.o
                0x00000000200011c0                hpcd_USB_FS
 COMMON         0x00000000200014ac        0x4 /home/mm/Software/en.st-stm32cubeide_1.5.1_9029_20201210_1234_amd64.sh/st32_ide/plugins/com.st.stm32cube.ide.mcu.externaltools.gnu-tools-for-stm32.7-2018-q2-update.linux64_1.5.0.202011040924/tools/bin/../lib/gcc/arm-none-eabi/7.3.1/../../../../arm-none-eabi/lib/thumb/v7-m/libc_nano.a(lib_a-reent.o)
                0x00000000200014ac                errno
                0x00000000200014b0                . = ALIGN (0x4)
                0x00000000200014b0                _ebss = .
                0x00000000200014b0                __bss_end__ = _ebss

._user_heap_stack
                0x00000000200014b0      0x600 load address 0x0000000008008b80
                0x00000000200014b0                . = ALIGN (0x8)
                [!provide]                        PROVIDE (end = .)
                0x00000000200014b0                PROVIDE (_end = .)
                0x00000000200016b0                . = (. + _Min_Heap_Size)
 *fill*         0x00000000200014b0      0x200 
                0x0000000020001ab0                . = (. + _Min_Stack_Size)
 *fill*         0x00000000200016b0      0x400 
                0x0000000020001ab0                . = ALIGN (0x8)

/DISCARD/
 libc.a(*)
 libm.a(*)
 libgcc.a(*)

.ARM.attributes
                0x0000000000000000       0x29
 *(.ARM.attributes)
 .ARM.attributes
                0x0000000000000000       0x1d /home/mm/Software/en.st-stm32cubeide_1.5.1_9029_20201210_1234_amd64.sh/st32_ide/plugins/com.st.stm32cube.ide.mcu.externaltools.gnu-tools-for-stm32.7-2018-q2-update.linux64_1.5.0.202011040924/tools/bin/../lib/gcc/arm-none-eabi/7.3.1/thumb/v7-m/crti.o
 .ARM.attributes
                0x000000000000001d       0x2d /home/mm/Software/en.st-stm32cubeide_1.5.1_9029_20201210_1234_amd64.sh/st32_ide/plugins/com.st.stm32cube.ide.mcu.externaltools.gnu-tools-for-stm32.7-2018-q2-update.linux64_1.5.0.202011040924/tools/bin/../lib/gcc/arm-none-eabi/7.3.1/thumb/v7-m/crtbegin.o
 .ARM.attributes
                0x000000000000004a       0x33 Core/Src/LCD1602.o
 .ARM.attributes
                0x000000000000007d       0x33 Core/Src/main.o
 .ARM.attributes
                0x00000000000000b0       0x33 Core/Src/stm32f1xx_hal_msp.o
 .ARM.attributes
                0x00000000000000e3       0x33 Core/Src/stm32f1xx_it.o
 .ARM.attributes
                0x0000000000000116       0x33 Core/Src/sysmem.o
 .ARM.attributes
                0x0000000000000149       0x33 Core/Src/system_stm32f1xx.o
 .ARM.attributes
                0x000000000000017c       0x21 Core/Startup/startup_stm32f103c8tx.o
 .ARM.attributes
                0x000000000000019d       0x33 Drivers/STM32F1xx_HAL_Driver/Src/stm32f1xx_hal.o
 .ARM.attributes
                0x00000000000001d0       0x33 Drivers/STM32F1xx_HAL_Driver/Src/stm32f1xx_hal_cortex.o
 .ARM.attributes
                0x0000000000000203       0x33 Drivers/STM32F1xx_HAL_Driver/Src/stm32f1xx_hal_gpio.o
 .ARM.attributes
                0x0000000000000236       0x33 Drivers/STM32F1xx_HAL_Driver/Src/stm32f1xx_hal_pcd.o
 .ARM.attributes
                0x0000000000000269       0x33 Drivers/STM32F1xx_HAL_Driver/Src/stm32f1xx_hal_pcd_ex.o
 .ARM.attributes
                0x000000000000029c       0x33 Drivers/STM32F1xx_HAL_Driver/Src/stm32f1xx_hal_rcc.o
 .ARM.attributes
                0x00000000000002cf       0x33 Drivers/STM32F1xx_HAL_Driver/Src/stm32f1xx_hal_rcc_ex.o
 .ARM.attributes
                0x0000000000000302       0x33 Drivers/STM32F1xx_HAL_Driver/Src/stm32f1xx_hal_tim.o
 .ARM.attributes
                0x0000000000000335       0x33 Drivers/STM32F1xx_HAL_Driver/Src/stm32f1xx_hal_tim_ex.o
 .ARM.attributes
                0x0000000000000368       0x33 Drivers/STM32F1xx_HAL_Driver/Src/stm32f1xx_ll_usb.o
 .ARM.attributes
                0x000000000000039b       0x33 Middlewares/ST/STM32_USB_Device_Library/Class/CDC/Src/usbd_cdc.o
 .ARM.attributes
                0x00000000000003ce       0x33 Middlewares/ST/STM32_USB_Device_Library/Core/Src/usbd_core.o
 .ARM.attributes
                0x0000000000000401       0x33 Middlewares/ST/STM32_USB_Device_Library/Core/Src/usbd_ctlreq.o
 .ARM.attributes
                0x0000000000000434       0x33 Middlewares/ST/STM32_USB_Device_Library/Core/Src/usbd_ioreq.o
 .ARM.attributes
                0x0000000000000467       0x33 USB_DEVICE/App/usb_device.o
 .ARM.attributes
                0x000000000000049a       0x33 USB_DEVICE/App/usbd_cdc_if.o
 .ARM.attributes
                0x00000000000004cd       0x33 USB_DEVICE/App/usbd_desc.o
 .ARM.attributes
                0x0000000000000500       0x33 USB_DEVICE/Target/usbd_conf.o
 .ARM.attributes
                0x0000000000000533       0x2d /home/mm/Software/en.st-stm32cubeide_1.5.1_9029_20201210_1234_amd64.sh/st32_ide/plugins/com.st.stm32cube.ide.mcu.externaltools.gnu-tools-for-stm32.7-2018-q2-update.linux64_1.5.0.202011040924/tools/bin/../lib/gcc/arm-none-eabi/7.3.1/../../../../arm-none-eabi/lib/thumb/v7-m/libc_nano.a(lib_a-errno.o)
 .ARM.attributes
                0x0000000000000560       0x2d /home/mm/Software/en.st-stm32cubeide_1.5.1_9029_20201210_1234_amd64.sh/st32_ide/plugins/com.st.stm32cube.ide.mcu.externaltools.gnu-tools-for-stm32.7-2018-q2-update.linux64_1.5.0.202011040924/tools/bin/../lib/gcc/arm-none-eabi/7.3.1/../../../../arm-none-eabi/lib/thumb/v7-m/libc_nano.a(lib_a-impure.o)
 .ARM.attributes
                0x000000000000058d       0x2d /home/mm/Software/en.st-stm32cubeide_1.5.1_9029_20201210_1234_amd64.sh/st32_ide/plugins/com.st.stm32cube.ide.mcu.externaltools.gnu-tools-for-stm32.7-2018-q2-update.linux64_1.5.0.202011040924/tools/bin/../lib/gcc/arm-none-eabi/7.3.1/../../../../arm-none-eabi/lib/thumb/v7-m/libc_nano.a(lib_a-init.o)
 .ARM.attributes
                0x00000000000005ba       0x2d /home/mm/Software/en.st-stm32cubeide_1.5.1_9029_20201210_1234_amd64.sh/st32_ide/plugins/com.st.stm32cube.ide.mcu.externaltools.gnu-tools-for-stm32.7-2018-q2-update.linux64_1.5.0.202011040924/tools/bin/../lib/gcc/arm-none-eabi/7.3.1/../../../../arm-none-eabi/lib/thumb/v7-m/libc_nano.a(lib_a-memset.o)
 .ARM.attributes
                0x00000000000005e7       0x2d /home/mm/Software/en.st-stm32cubeide_1.5.1_9029_20201210_1234_amd64.sh/st32_ide/plugins/com.st.stm32cube.ide.mcu.externaltools.gnu-tools-for-stm32.7-2018-q2-update.linux64_1.5.0.202011040924/tools/bin/../lib/gcc/arm-none-eabi/7.3.1/../../../../arm-none-eabi/lib/thumb/v7-m/libc_nano.a(lib_a-sprintf.o)
 .ARM.attributes
                0x0000000000000614       0x2d /home/mm/Software/en.st-stm32cubeide_1.5.1_9029_20201210_1234_amd64.sh/st32_ide/plugins/com.st.stm32cube.ide.mcu.externaltools.gnu-tools-for-stm32.7-2018-q2-update.linux64_1.5.0.202011040924/tools/bin/../lib/gcc/arm-none-eabi/7.3.1/../../../../arm-none-eabi/lib/thumb/v7-m/libc_nano.a(lib_a-nano-svfprintf.o)
 .ARM.attributes
                0x0000000000000641       0x2d /home/mm/Software/en.st-stm32cubeide_1.5.1_9029_20201210_1234_amd64.sh/st32_ide/plugins/com.st.stm32cube.ide.mcu.externaltools.gnu-tools-for-stm32.7-2018-q2-update.linux64_1.5.0.202011040924/tools/bin/../lib/gcc/arm-none-eabi/7.3.1/../../../../arm-none-eabi/lib/thumb/v7-m/libc_nano.a(lib_a-nano-vfprintf_i.o)
 .ARM.attributes
                0x000000000000066e       0x2d /home/mm/Software/en.st-stm32cubeide_1.5.1_9029_20201210_1234_amd64.sh/st32_ide/plugins/com.st.stm32cube.ide.mcu.externaltools.gnu-tools-for-stm32.7-2018-q2-update.linux64_1.5.0.202011040924/tools/bin/../lib/gcc/arm-none-eabi/7.3.1/../../../../arm-none-eabi/lib/thumb/v7-m/libc_nano.a(lib_a-memchr-stub.o)
 .ARM.attributes
                0x000000000000069b       0x2d /home/mm/Software/en.st-stm32cubeide_1.5.1_9029_20201210_1234_amd64.sh/st32_ide/plugins/com.st.stm32cube.ide.mcu.externaltools.gnu-tools-for-stm32.7-2018-q2-update.linux64_1.5.0.202011040924/tools/bin/../lib/gcc/arm-none-eabi/7.3.1/../../../../arm-none-eabi/lib/thumb/v7-m/libc_nano.a(lib_a-memcpy-stub.o)
 .ARM.attributes
                0x00000000000006c8       0x2d /home/mm/Software/en.st-stm32cubeide_1.5.1_9029_20201210_1234_amd64.sh/st32_ide/plugins/com.st.stm32cube.ide.mcu.externaltools.gnu-tools-for-stm32.7-2018-q2-update.linux64_1.5.0.202011040924/tools/bin/../lib/gcc/arm-none-eabi/7.3.1/../../../../arm-none-eabi/lib/thumb/v7-m/libc_nano.a(lib_a-memmove.o)
 .ARM.attributes
                0x00000000000006f5       0x2d /home/mm/Software/en.st-stm32cubeide_1.5.1_9029_20201210_1234_amd64.sh/st32_ide/plugins/com.st.stm32cube.ide.mcu.externaltools.gnu-tools-for-stm32.7-2018-q2-update.linux64_1.5.0.202011040924/tools/bin/../lib/gcc/arm-none-eabi/7.3.1/../../../../arm-none-eabi/lib/thumb/v7-m/libc_nano.a(lib_a-nano-freer.o)
 .ARM.attributes
                0x0000000000000722       0x2d /home/mm/Software/en.st-stm32cubeide_1.5.1_9029_20201210_1234_amd64.sh/st32_ide/plugins/com.st.stm32cube.ide.mcu.externaltools.gnu-tools-for-stm32.7-2018-q2-update.linux64_1.5.0.202011040924/tools/bin/../lib/gcc/arm-none-eabi/7.3.1/../../../../arm-none-eabi/lib/thumb/v7-m/libc_nano.a(lib_a-nano-mallocr.o)
 .ARM.attributes
                0x000000000000074f       0x2d /home/mm/Software/en.st-stm32cubeide_1.5.1_9029_20201210_1234_amd64.sh/st32_ide/plugins/com.st.stm32cube.ide.mcu.externaltools.gnu-tools-for-stm32.7-2018-q2-update.linux64_1.5.0.202011040924/tools/bin/../lib/gcc/arm-none-eabi/7.3.1/../../../../arm-none-eabi/lib/thumb/v7-m/libc_nano.a(lib_a-nano-reallocr.o)
 .ARM.attributes
                0x000000000000077c       0x2d /home/mm/Software/en.st-stm32cubeide_1.5.1_9029_20201210_1234_amd64.sh/st32_ide/plugins/com.st.stm32cube.ide.mcu.externaltools.gnu-tools-for-stm32.7-2018-q2-update.linux64_1.5.0.202011040924/tools/bin/../lib/gcc/arm-none-eabi/7.3.1/../../../../arm-none-eabi/lib/thumb/v7-m/libc_nano.a(lib_a-sbrkr.o)
 .ARM.attributes
                0x00000000000007a9       0x2d /home/mm/Software/en.st-stm32cubeide_1.5.1_9029_20201210_1234_amd64.sh/st32_ide/plugins/com.st.stm32cube.ide.mcu.externaltools.gnu-tools-for-stm32.7-2018-q2-update.linux64_1.5.0.202011040924/tools/bin/../lib/gcc/arm-none-eabi/7.3.1/../../../../arm-none-eabi/lib/thumb/v7-m/libc_nano.a(lib_a-mlock.o)
 .ARM.attributes
                0x00000000000007d6       0x2d /home/mm/Software/en.st-stm32cubeide_1.5.1_9029_20201210_1234_amd64.sh/st32_ide/plugins/com.st.stm32cube.ide.mcu.externaltools.gnu-tools-for-stm32.7-2018-q2-update.linux64_1.5.0.202011040924/tools/bin/../lib/gcc/arm-none-eabi/7.3.1/../../../../arm-none-eabi/lib/thumb/v7-m/libc_nano.a(lib_a-nano-msizer.o)
 .ARM.attributes
                0x0000000000000803       0x2d /home/mm/Software/en.st-stm32cubeide_1.5.1_9029_20201210_1234_amd64.sh/st32_ide/plugins/com.st.stm32cube.ide.mcu.externaltools.gnu-tools-for-stm32.7-2018-q2-update.linux64_1.5.0.202011040924/tools/bin/../lib/gcc/arm-none-eabi/7.3.1/../../../../arm-none-eabi/lib/thumb/v7-m/libc_nano.a(lib_a-reent.o)
 .ARM.attributes
                0x0000000000000830       0x1d /home/mm/Software/en.st-stm32cubeide_1.5.1_9029_20201210_1234_amd64.sh/st32_ide/plugins/com.st.stm32cube.ide.mcu.externaltools.gnu-tools-for-stm32.7-2018-q2-update.linux64_1.5.0.202011040924/tools/bin/../lib/gcc/arm-none-eabi/7.3.1/thumb/v7-m/crtn.o
OUTPUT(serial_Clock_ui.elf elf32-littlearm)

.debug_info     0x0000000000000000    0x16785
 .debug_info    0x0000000000000000      0x8a1 Core/Src/LCD1602.o
 .debug_info    0x00000000000008a1     0x16ea Core/Src/main.o
 .debug_info    0x0000000000001f8b      0x9d7 Core/Src/stm32f1xx_hal_msp.o
 .debug_info    0x0000000000002962      0xbd4 Core/Src/stm32f1xx_it.o
 .debug_info    0x0000000000003536      0x985 Core/Src/sysmem.o
 .debug_info    0x0000000000003ebb      0x29a Core/Src/system_stm32f1xx.o
 .debug_info    0x0000000000004155       0x22 Core/Startup/startup_stm32f103c8tx.o
 .debug_info    0x0000000000004177      0x714 Drivers/STM32F1xx_HAL_Driver/Src/stm32f1xx_hal.o
 .debug_info    0x000000000000488b      0xb51 Drivers/STM32F1xx_HAL_Driver/Src/stm32f1xx_hal_cortex.o
 .debug_info    0x00000000000053dc      0x69b Drivers/STM32F1xx_HAL_Driver/Src/stm32f1xx_hal_gpio.o
 .debug_info    0x0000000000005a77     0x122f Drivers/STM32F1xx_HAL_Driver/Src/stm32f1xx_hal_pcd.o
 .debug_info    0x0000000000006ca6      0x785 Drivers/STM32F1xx_HAL_Driver/Src/stm32f1xx_hal_pcd_ex.o
 .debug_info    0x000000000000742b      0x80f Drivers/STM32F1xx_HAL_Driver/Src/stm32f1xx_hal_rcc.o
 .debug_info    0x0000000000007c3a      0x444 Drivers/STM32F1xx_HAL_Driver/Src/stm32f1xx_hal_rcc_ex.o
 .debug_info    0x000000000000807e     0x27ef Drivers/STM32F1xx_HAL_Driver/Src/stm32f1xx_hal_tim.o
 .debug_info    0x000000000000a86d     0x136f Drivers/STM32F1xx_HAL_Driver/Src/stm32f1xx_hal_tim_ex.o
 .debug_info    0x000000000000bbdc     0x17e7 Drivers/STM32F1xx_HAL_Driver/Src/stm32f1xx_ll_usb.o
 .debug_info    0x000000000000d3c3     0x17b6 Middlewares/ST/STM32_USB_Device_Library/Class/CDC/Src/usbd_cdc.o
 .debug_info    0x000000000000eb79     0x11d2 Middlewares/ST/STM32_USB_Device_Library/Core/Src/usbd_core.o
 .debug_info    0x000000000000fd4b     0x1142 Middlewares/ST/STM32_USB_Device_Library/Core/Src/usbd_ctlreq.o
 .debug_info    0x0000000000010e8d      0xf33 Middlewares/ST/STM32_USB_Device_Library/Core/Src/usbd_ioreq.o
 .debug_info    0x0000000000011dc0      0xe7b USB_DEVICE/App/usb_device.o
 .debug_info    0x0000000000012c3b     0x1079 USB_DEVICE/App/usbd_cdc_if.o
 .debug_info    0x0000000000013cb4      0xd17 USB_DEVICE/App/usbd_desc.o
 .debug_info    0x00000000000149cb     0x1dba USB_DEVICE/Target/usbd_conf.o

.debug_abbrev   0x0000000000000000     0x3289
 .debug_abbrev  0x0000000000000000      0x1b9 Core/Src/LCD1602.o
 .debug_abbrev  0x00000000000001b9      0x313 Core/Src/main.o
 .debug_abbrev  0x00000000000004cc      0x197 Core/Src/stm32f1xx_hal_msp.o
 .debug_abbrev  0x0000000000000663      0x185 Core/Src/stm32f1xx_it.o
 .debug_abbrev  0x00000000000007e8      0x19b Core/Src/sysmem.o
 .debug_abbrev  0x0000000000000983      0x134 Core/Src/system_stm32f1xx.o
 .debug_abbrev  0x0000000000000ab7       0x12 Core/Startup/startup_stm32f103c8tx.o
 .debug_abbrev  0x0000000000000ac9      0x1c7 Drivers/STM32F1xx_HAL_Driver/Src/stm32f1xx_hal.o
 .debug_abbrev  0x0000000000000c90      0x2d5 Drivers/STM32F1xx_HAL_Driver/Src/stm32f1xx_hal_cortex.o
 .debug_abbrev  0x0000000000000f65      0x1c0 Drivers/STM32F1xx_HAL_Driver/Src/stm32f1xx_hal_gpio.o
 .debug_abbrev  0x0000000000001125      0x268 Drivers/STM32F1xx_HAL_Driver/Src/stm32f1xx_hal_pcd.o
 .debug_abbrev  0x000000000000138d      0x188 Drivers/STM32F1xx_HAL_Driver/Src/stm32f1xx_hal_pcd_ex.o
 .debug_abbrev  0x0000000000001515      0x243 Drivers/STM32F1xx_HAL_Driver/Src/stm32f1xx_hal_rcc.o
 .debug_abbrev  0x0000000000001758      0x175 Drivers/STM32F1xx_HAL_Driver/Src/stm32f1xx_hal_rcc_ex.o
 .debug_abbrev  0x00000000000018cd      0x230 Drivers/STM32F1xx_HAL_Driver/Src/stm32f1xx_hal_tim.o
 .debug_abbrev  0x0000000000001afd      0x236 Drivers/STM32F1xx_HAL_Driver/Src/stm32f1xx_hal_tim_ex.o
 .debug_abbrev  0x0000000000001d33      0x1d2 Drivers/STM32F1xx_HAL_Driver/Src/stm32f1xx_ll_usb.o
 .debug_abbrev  0x0000000000001f05      0x2b6 Middlewares/ST/STM32_USB_Device_Library/Class/CDC/Src/usbd_cdc.o
 .debug_abbrev  0x00000000000021bb      0x270 Middlewares/ST/STM32_USB_Device_Library/Core/Src/usbd_core.o
 .debug_abbrev  0x000000000000242b      0x2a0 Middlewares/ST/STM32_USB_Device_Library/Core/Src/usbd_ctlreq.o
 .debug_abbrev  0x00000000000026cb      0x1e0 Middlewares/ST/STM32_USB_Device_Library/Core/Src/usbd_ioreq.o
 .debug_abbrev  0x00000000000028ab      0x1be USB_DEVICE/App/usb_device.o
 .debug_abbrev  0x0000000000002a69      0x2b5 USB_DEVICE/App/usbd_cdc_if.o
 .debug_abbrev  0x0000000000002d1e      0x290 USB_DEVICE/App/usbd_desc.o
 .debug_abbrev  0x0000000000002fae      0x2db USB_DEVICE/Target/usbd_conf.o

.debug_aranges  0x0000000000000000     0x10a0
 .debug_aranges
                0x0000000000000000       0x60 Core/Src/LCD1602.o
 .debug_aranges
                0x0000000000000060       0x98 Core/Src/main.o
 .debug_aranges
                0x00000000000000f8       0x30 Core/Src/stm32f1xx_hal_msp.o
 .debug_aranges
                0x0000000000000128       0x78 Core/Src/stm32f1xx_it.o
 .debug_aranges
                0x00000000000001a0       0x20 Core/Src/sysmem.o
 .debug_aranges
                0x00000000000001c0       0x28 Core/Src/system_stm32f1xx.o
 .debug_aranges
                0x00000000000001e8       0x28 Core/Startup/startup_stm32f103c8tx.o
 .debug_aranges
                0x0000000000000210       0xe0 Drivers/STM32F1xx_HAL_Driver/Src/stm32f1xx_hal.o
 .debug_aranges
                0x00000000000002f0      0x100 Drivers/STM32F1xx_HAL_Driver/Src/stm32f1xx_hal_cortex.o
 .debug_aranges
                0x00000000000003f0       0x58 Drivers/STM32F1xx_HAL_Driver/Src/stm32f1xx_hal_gpio.o
 .debug_aranges
                0x0000000000000448      0x138 Drivers/STM32F1xx_HAL_Driver/Src/stm32f1xx_hal_pcd.o
 .debug_aranges
                0x0000000000000580       0x38 Drivers/STM32F1xx_HAL_Driver/Src/stm32f1xx_hal_pcd_ex.o
 .debug_aranges
                0x00000000000005b8       0x90 Drivers/STM32F1xx_HAL_Driver/Src/stm32f1xx_hal_rcc.o
 .debug_aranges
                0x0000000000000648       0x30 Drivers/STM32F1xx_HAL_Driver/Src/stm32f1xx_hal_rcc_ex.o
 .debug_aranges
                0x0000000000000678      0x3d0 Drivers/STM32F1xx_HAL_Driver/Src/stm32f1xx_hal_tim.o
 .debug_aranges
                0x0000000000000a48      0x168 Drivers/STM32F1xx_HAL_Driver/Src/stm32f1xx_hal_tim_ex.o
 .debug_aranges
                0x0000000000000bb0       0xf0 Drivers/STM32F1xx_HAL_Driver/Src/stm32f1xx_ll_usb.o
 .debug_aranges
                0x0000000000000ca0       0x90 Middlewares/ST/STM32_USB_Device_Library/Class/CDC/Src/usbd_cdc.o
 .debug_aranges
                0x0000000000000d30       0xb8 Middlewares/ST/STM32_USB_Device_Library/Core/Src/usbd_core.o
 .debug_aranges
                0x0000000000000de8       0x88 Middlewares/ST/STM32_USB_Device_Library/Core/Src/usbd_ctlreq.o
 .debug_aranges
                0x0000000000000e70       0x50 Middlewares/ST/STM32_USB_Device_Library/Core/Src/usbd_ioreq.o
 .debug_aranges
                0x0000000000000ec0       0x20 USB_DEVICE/App/usb_device.o
 .debug_aranges
                0x0000000000000ee0       0x48 USB_DEVICE/App/usbd_cdc_if.o
 .debug_aranges
                0x0000000000000f28       0x60 USB_DEVICE/App/usbd_desc.o
 .debug_aranges
                0x0000000000000f88      0x118 USB_DEVICE/Target/usbd_conf.o

.debug_ranges   0x0000000000000000      0xf18
 .debug_ranges  0x0000000000000000       0x50 Core/Src/LCD1602.o
 .debug_ranges  0x0000000000000050       0x88 Core/Src/main.o
 .debug_ranges  0x00000000000000d8       0x20 Core/Src/stm32f1xx_hal_msp.o
 .debug_ranges  0x00000000000000f8       0x68 Core/Src/stm32f1xx_it.o
 .debug_ranges  0x0000000000000160       0x10 Core/Src/sysmem.o
 .debug_ranges  0x0000000000000170       0x18 Core/Src/system_stm32f1xx.o
 .debug_ranges  0x0000000000000188       0x20 Core/Startup/startup_stm32f103c8tx.o
 .debug_ranges  0x00000000000001a8       0xd0 Drivers/STM32F1xx_HAL_Driver/Src/stm32f1xx_hal.o
 .debug_ranges  0x0000000000000278       0xf0 Drivers/STM32F1xx_HAL_Driver/Src/stm32f1xx_hal_cortex.o
 .debug_ranges  0x0000000000000368       0x48 Drivers/STM32F1xx_HAL_Driver/Src/stm32f1xx_hal_gpio.o
 .debug_ranges  0x00000000000003b0      0x128 Drivers/STM32F1xx_HAL_Driver/Src/stm32f1xx_hal_pcd.o
 .debug_ranges  0x00000000000004d8       0x28 Drivers/STM32F1xx_HAL_Driver/Src/stm32f1xx_hal_pcd_ex.o
 .debug_ranges  0x0000000000000500       0x80 Drivers/STM32F1xx_HAL_Driver/Src/stm32f1xx_hal_rcc.o
 .debug_ranges  0x0000000000000580       0x20 Drivers/STM32F1xx_HAL_Driver/Src/stm32f1xx_hal_rcc_ex.o
 .debug_ranges  0x00000000000005a0      0x3c0 Drivers/STM32F1xx_HAL_Driver/Src/stm32f1xx_hal_tim.o
 .debug_ranges  0x0000000000000960      0x158 Drivers/STM32F1xx_HAL_Driver/Src/stm32f1xx_hal_tim_ex.o
 .debug_ranges  0x0000000000000ab8       0xe0 Drivers/STM32F1xx_HAL_Driver/Src/stm32f1xx_ll_usb.o
 .debug_ranges  0x0000000000000b98       0x80 Middlewares/ST/STM32_USB_Device_Library/Class/CDC/Src/usbd_cdc.o
 .debug_ranges  0x0000000000000c18       0xa8 Middlewares/ST/STM32_USB_Device_Library/Core/Src/usbd_core.o
 .debug_ranges  0x0000000000000cc0       0x78 Middlewares/ST/STM32_USB_Device_Library/Core/Src/usbd_ctlreq.o
 .debug_ranges  0x0000000000000d38       0x40 Middlewares/ST/STM32_USB_Device_Library/Core/Src/usbd_ioreq.o
 .debug_ranges  0x0000000000000d78       0x10 USB_DEVICE/App/usb_device.o
 .debug_ranges  0x0000000000000d88       0x38 USB_DEVICE/App/usbd_cdc_if.o
 .debug_ranges  0x0000000000000dc0       0x50 USB_DEVICE/App/usbd_desc.o
 .debug_ranges  0x0000000000000e10      0x108 USB_DEVICE/Target/usbd_conf.o

.debug_macro    0x0000000000000000    0x1a94a
 .debug_macro   0x0000000000000000      0x1d6 Core/Src/LCD1602.o
 .debug_macro   0x00000000000001d6      0xa5a Core/Src/LCD1602.o
 .debug_macro   0x0000000000000c30      0x21b Core/Src/LCD1602.o
 .debug_macro   0x0000000000000e4b       0x2e Core/Src/LCD1602.o
 .debug_macro   0x0000000000000e79       0x22 Core/Src/LCD1602.o
 .debug_macro   0x0000000000000e9b       0x22 Core/Src/LCD1602.o
 .debug_macro   0x0000000000000ebd       0x8e Core/Src/LCD1602.o
 .debug_macro   0x0000000000000f4b       0x51 Core/Src/LCD1602.o
 .debug_macro   0x0000000000000f9c       0xef Core/Src/LCD1602.o
 .debug_macro   0x000000000000108b       0x6a Core/Src/LCD1602.o
 .debug_macro   0x00000000000010f5      0x1df Core/Src/LCD1602.o
 .debug_macro   0x00000000000012d4       0x1c Core/Src/LCD1602.o
 .debug_macro   0x00000000000012f0       0x22 Core/Src/LCD1602.o
 .debug_macro   0x0000000000001312       0xc3 Core/Src/LCD1602.o
 .debug_macro   0x00000000000013d5      0xd23 Core/Src/LCD1602.o
 .debug_macro   0x00000000000020f8     0xe097 Core/Src/LCD1602.o
 .debug_macro   0x000000000001018f       0x43 Core/Src/LCD1602.o
 .debug_macro   0x00000000000101d2     0x3468 Core/Src/LCD1602.o
 .debug_macro   0x000000000001363a      0x174 Core/Src/LCD1602.o
 .debug_macro   0x00000000000137ae       0x5c Core/Src/LCD1602.o
 .debug_macro   0x000000000001380a      0x5be Core/Src/LCD1602.o
 .debug_macro   0x0000000000013dc8      0x289 Core/Src/LCD1602.o
 .debug_macro   0x0000000000014051      0x1cb Core/Src/LCD1602.o
 .debug_macro   0x000000000001421c      0x114 Core/Src/LCD1602.o
 .debug_macro   0x0000000000014330      0x1b2 Core/Src/LCD1602.o
 .debug_macro   0x00000000000144e2       0x27 Core/Src/LCD1602.o
 .debug_macro   0x0000000000014509      0x136 Core/Src/LCD1602.o
 .debug_macro   0x000000000001463f      0x1bc Core/Src/LCD1602.o
 .debug_macro   0x00000000000147fb       0x34 Core/Src/LCD1602.o
 .debug_macro   0x000000000001482f       0x3c Core/Src/LCD1602.o
 .debug_macro   0x000000000001486b       0x57 Core/Src/LCD1602.o
 .debug_macro   0x00000000000148c2       0x88 Core/Src/LCD1602.o
 .debug_macro   0x000000000001494a      0x241 Core/Src/LCD1602.o
 .debug_macro   0x0000000000014b8b      0x141 Core/Src/LCD1602.o
 .debug_macro   0x0000000000014ccc      0x8d1 Core/Src/LCD1602.o
 .debug_macro   0x000000000001559d       0x65 Core/Src/LCD1602.o
 .debug_macro   0x0000000000015602      0x249 Core/Src/LCD1602.o
 .debug_macro   0x000000000001584b       0x83 Core/Src/LCD1602.o
 .debug_macro   0x00000000000158ce       0x6a Core/Src/LCD1602.o
 .debug_macro   0x0000000000015938      0x3b8 Core/Src/main.o
 .debug_macro   0x0000000000015cf0       0x64 Core/Src/main.o
 .debug_macro   0x0000000000015d54       0x46 Core/Src/main.o
 .debug_macro   0x0000000000015d9a       0x18 Core/Src/main.o
 .debug_macro   0x0000000000015db2       0x3c Core/Src/main.o
 .debug_macro   0x0000000000015dee       0x34 Core/Src/main.o
 .debug_macro   0x0000000000015e22       0x16 Core/Src/main.o
 .debug_macro   0x0000000000015e38       0x35 Core/Src/main.o
 .debug_macro   0x0000000000015e6d      0x32a Core/Src/main.o
 .debug_macro   0x0000000000016197       0x10 Core/Src/main.o
 .debug_macro   0x00000000000161a7       0x52 Core/Src/main.o
 .debug_macro   0x00000000000161f9       0x1f Core/Src/main.o
 .debug_macro   0x0000000000016218       0x43 Core/Src/main.o
 .debug_macro   0x000000000001625b       0x20 Core/Src/main.o
 .debug_macro   0x000000000001627b      0x1a3 Core/Src/main.o
 .debug_macro   0x000000000001641e       0x10 Core/Src/main.o
 .debug_macro   0x000000000001642e       0x1c Core/Src/main.o
 .debug_macro   0x000000000001644a       0x52 Core/Src/main.o
 .debug_macro   0x000000000001649c       0x40 Core/Src/main.o
 .debug_macro   0x00000000000164dc       0x10 Core/Src/main.o
 .debug_macro   0x00000000000164ec       0x40 Core/Src/main.o
 .debug_macro   0x000000000001652c       0xd7 Core/Src/main.o
 .debug_macro   0x0000000000016603       0x1c Core/Src/main.o
 .debug_macro   0x000000000001661f       0x3d Core/Src/main.o
 .debug_macro   0x000000000001665c       0x16 Core/Src/main.o
 .debug_macro   0x0000000000016672      0x145 Core/Src/main.o
 .debug_macro   0x00000000000167b7       0x16 Core/Src/main.o
 .debug_macro   0x00000000000167cd       0x16 Core/Src/main.o
 .debug_macro   0x00000000000167e3       0x29 Core/Src/main.o
 .debug_macro   0x000000000001680c       0x16 Core/Src/main.o
 .debug_macro   0x0000000000016822       0x20 Core/Src/main.o
 .debug_macro   0x0000000000016842       0x60 Core/Src/main.o
 .debug_macro   0x00000000000168a2      0x1c8 Core/Src/main.o
 .debug_macro   0x0000000000016a6a      0x1cc Core/Src/stm32f1xx_hal_msp.o
 .debug_macro   0x0000000000016c36      0x1d6 Core/Src/stm32f1xx_it.o
 .debug_macro   0x0000000000016e0c       0xee Core/Src/sysmem.o
 .debug_macro   0x0000000000016efa      0x23b Core/Src/sysmem.o
 .debug_macro   0x0000000000017135      0x1bd Core/Src/system_stm32f1xx.o
 .debug_macro   0x00000000000172f2      0x1e1 Drivers/STM32F1xx_HAL_Driver/Src/stm32f1xx_hal.o
 .debug_macro   0x00000000000174d3      0x1bd Drivers/STM32F1xx_HAL_Driver/Src/stm32f1xx_hal_cortex.o
 .debug_macro   0x0000000000017690      0x228 Drivers/STM32F1xx_HAL_Driver/Src/stm32f1xx_hal_gpio.o
 .debug_macro   0x00000000000178b8      0x1c9 Drivers/STM32F1xx_HAL_Driver/Src/stm32f1xx_hal_pcd.o
 .debug_macro   0x0000000000017a81      0x1bd Drivers/STM32F1xx_HAL_Driver/Src/stm32f1xx_hal_pcd_ex.o
 .debug_macro   0x0000000000017c3e      0x1cf Drivers/STM32F1xx_HAL_Driver/Src/stm32f1xx_hal_rcc.o
 .debug_macro   0x0000000000017e0d      0x1bd Drivers/STM32F1xx_HAL_Driver/Src/stm32f1xx_hal_rcc_ex.o
 .debug_macro   0x0000000000017fca      0x1be Drivers/STM32F1xx_HAL_Driver/Src/stm32f1xx_hal_tim.o
 .debug_macro   0x0000000000018188      0x1bd Drivers/STM32F1xx_HAL_Driver/Src/stm32f1xx_hal_tim_ex.o
 .debug_macro   0x0000000000018345      0x1bd Drivers/STM32F1xx_HAL_Driver/Src/stm32f1xx_ll_usb.o
 .debug_macro   0x0000000000018502      0x3d9 Middlewares/ST/STM32_USB_Device_Library/Class/CDC/Src/usbd_cdc.o
 .debug_macro   0x00000000000188db       0x97 Middlewares/ST/STM32_USB_Device_Library/Class/CDC/Src/usbd_cdc.o
 .debug_macro   0x0000000000018972       0xfd Middlewares/ST/STM32_USB_Device_Library/Class/CDC/Src/usbd_cdc.o
 .debug_macro   0x0000000000018a6f       0xbd Middlewares/ST/STM32_USB_Device_Library/Class/CDC/Src/usbd_cdc.o
 .debug_macro   0x0000000000018b2c       0x56 Middlewares/ST/STM32_USB_Device_Library/Class/CDC/Src/usbd_cdc.o
 .debug_macro   0x0000000000018b82       0x8f Middlewares/ST/STM32_USB_Device_Library/Class/CDC/Src/usbd_cdc.o
 .debug_macro   0x0000000000018c11      0x3c0 Middlewares/ST/STM32_USB_Device_Library/Core/Src/usbd_core.o